Archive member included to satisfy reference by file (symbol)

c:/program files (x86)/gnu arm embedded toolchain/10 2021.10/bin/../lib/gcc/arm-none-eabi/10.3.1/thumb/v6-m/nofp\libgcc.a(_dvmd_tls.o)
                              CMakeFiles/03_adc.dir/C_/Repositories/pico/pico-sdk/src/rp2_common/pico_divider/divider_hardware.S.obj (__aeabi_idiv0)
c:/program files (x86)/gnu arm embedded toolchain/10 2021.10/bin/../lib/gcc/arm-none-eabi/10.3.1/../../../../arm-none-eabi/lib/thumb/v6-m/nofp\libg.a(lib_a-calloc.o)
                              CMakeFiles/03_adc.dir/C_/Repositories/pico/pico-sdk/src/rp2_common/pico_malloc/malloc.c.obj (calloc)
c:/program files (x86)/gnu arm embedded toolchain/10 2021.10/bin/../lib/gcc/arm-none-eabi/10.3.1/../../../../arm-none-eabi/lib/thumb/v6-m/nofp\libg.a(lib_a-callocr.o)
                              c:/program files (x86)/gnu arm embedded toolchain/10 2021.10/bin/../lib/gcc/arm-none-eabi/10.3.1/../../../../arm-none-eabi/lib/thumb/v6-m/nofp\libg.a(lib_a-calloc.o) (_calloc_r)
c:/program files (x86)/gnu arm embedded toolchain/10 2021.10/bin/../lib/gcc/arm-none-eabi/10.3.1/../../../../arm-none-eabi/lib/thumb/v6-m/nofp\libg.a(lib_a-errno.o)
                              c:/program files (x86)/gnu arm embedded toolchain/10 2021.10/bin/../lib/gcc/arm-none-eabi/10.3.1/../../../../arm-none-eabi/lib/thumb/v6-m/nofp\libg.a(lib_a-callocr.o) (__errno)
c:/program files (x86)/gnu arm embedded toolchain/10 2021.10/bin/../lib/gcc/arm-none-eabi/10.3.1/../../../../arm-none-eabi/lib/thumb/v6-m/nofp\libg.a(lib_a-impure.o)
                              c:/program files (x86)/gnu arm embedded toolchain/10 2021.10/bin/../lib/gcc/arm-none-eabi/10.3.1/../../../../arm-none-eabi/lib/thumb/v6-m/nofp\libg.a(lib_a-calloc.o) (_impure_ptr)
c:/program files (x86)/gnu arm embedded toolchain/10 2021.10/bin/../lib/gcc/arm-none-eabi/10.3.1/../../../../arm-none-eabi/lib/thumb/v6-m/nofp\libg.a(lib_a-init.o)
                              c:/program files (x86)/gnu arm embedded toolchain/10 2021.10/bin/../lib/gcc/arm-none-eabi/10.3.1/../../../../arm-none-eabi/lib/thumb/v6-m/nofp/crt0.o (__libc_init_array)
c:/program files (x86)/gnu arm embedded toolchain/10 2021.10/bin/../lib/gcc/arm-none-eabi/10.3.1/../../../../arm-none-eabi/lib/thumb/v6-m/nofp\libg.a(lib_a-lcltime_r.o)
                              CMakeFiles/03_adc.dir/C_/Repositories/pico/pico-sdk/src/common/pico_util/datetime.c.obj (localtime_r)
c:/program files (x86)/gnu arm embedded toolchain/10 2021.10/bin/../lib/gcc/arm-none-eabi/10.3.1/../../../../arm-none-eabi/lib/thumb/v6-m/nofp\libg.a(lib_a-malloc.o)
                              CMakeFiles/03_adc.dir/C_/Repositories/pico/pico-sdk/src/rp2_common/pico_malloc/malloc.c.obj (malloc)
c:/program files (x86)/gnu arm embedded toolchain/10 2021.10/bin/../lib/gcc/arm-none-eabi/10.3.1/../../../../arm-none-eabi/lib/thumb/v6-m/nofp\libg.a(lib_a-mallocr.o)
                              c:/program files (x86)/gnu arm embedded toolchain/10 2021.10/bin/../lib/gcc/arm-none-eabi/10.3.1/../../../../arm-none-eabi/lib/thumb/v6-m/nofp\libg.a(lib_a-callocr.o) (_malloc_r)
c:/program files (x86)/gnu arm embedded toolchain/10 2021.10/bin/../lib/gcc/arm-none-eabi/10.3.1/../../../../arm-none-eabi/lib/thumb/v6-m/nofp\libg.a(lib_a-memcmp.o)
                              CMakeFiles/03_adc.dir/C_/Repositories/pico/pico-sdk/src/rp2_common/pico_atomic/atomic.c.obj (memcmp)
c:/program files (x86)/gnu arm embedded toolchain/10 2021.10/bin/../lib/gcc/arm-none-eabi/10.3.1/../../../../arm-none-eabi/lib/thumb/v6-m/nofp\libg.a(lib_a-mktime.o)
                              CMakeFiles/03_adc.dir/C_/Repositories/pico/pico-sdk/src/common/pico_util/datetime.c.obj (mktime)
c:/program files (x86)/gnu arm embedded toolchain/10 2021.10/bin/../lib/gcc/arm-none-eabi/10.3.1/../../../../arm-none-eabi/lib/thumb/v6-m/nofp\libg.a(lib_a-mlock.o)
                              c:/program files (x86)/gnu arm embedded toolchain/10 2021.10/bin/../lib/gcc/arm-none-eabi/10.3.1/../../../../arm-none-eabi/lib/thumb/v6-m/nofp\libg.a(lib_a-mallocr.o) (__malloc_lock)
c:/program files (x86)/gnu arm embedded toolchain/10 2021.10/bin/../lib/gcc/arm-none-eabi/10.3.1/../../../../arm-none-eabi/lib/thumb/v6-m/nofp\libg.a(lib_a-month_lengths.o)
                              c:/program files (x86)/gnu arm embedded toolchain/10 2021.10/bin/../lib/gcc/arm-none-eabi/10.3.1/../../../../arm-none-eabi/lib/thumb/v6-m/nofp\libg.a(lib_a-lcltime_r.o) (__month_lengths)
c:/program files (x86)/gnu arm embedded toolchain/10 2021.10/bin/../lib/gcc/arm-none-eabi/10.3.1/../../../../arm-none-eabi/lib/thumb/v6-m/nofp\libg.a(lib_a-realloc.o)
                              CMakeFiles/03_adc.dir/C_/Repositories/pico/pico-sdk/src/rp2_common/pico_malloc/malloc.c.obj (realloc)
c:/program files (x86)/gnu arm embedded toolchain/10 2021.10/bin/../lib/gcc/arm-none-eabi/10.3.1/../../../../arm-none-eabi/lib/thumb/v6-m/nofp\libg.a(lib_a-reallocr.o)
[...]
Memory Configuration

Name             Origin             Length             Attributes
FLASH            0x10000000         0x00200000         xr
RAM              0x20000000         0x00040000         xrw
SCRATCH_X        0x20040000         0x00001000         xrw
SCRATCH_Y        0x20041000         0x00001000         xrw
*default*        0x00000000         0xffffffff

Linker script and memory map

LOAD c:/program files (x86)/gnu arm embedded toolchain/10 2021.10/bin/../lib/gcc/arm-none-eabi/10.3.1/thumb/v6-m/nofp/crti.o
LOAD c:/program files (x86)/gnu arm embedded toolchain/10 2021.10/bin/../lib/gcc/arm-none-eabi/10.3.1/thumb/v6-m/nofp/crtbegin.o
LOAD c:/program files (x86)/gnu arm embedded toolchain/10 2021.10/bin/../lib/gcc/arm-none-eabi/10.3.1/../../../../arm-none-eabi/lib/thumb/v6-m/nofp/crt0.o

.flash_begin    0x10000000        0x0
                0x10000000                __flash_binary_start = .

.boot2          0x10000000      0x100
                0x10000000                __boot2_start__ = .
 *(.boot2)
 .boot2         0x10000000      0x100 pico-sdk/src/rp2040/boot_stage2/CMakeFiles/bs2_default_library.dir/bs2_default_padded_checksummed.S.obj
                0x10000100                __boot2_end__ = .
                0x00000001                ASSERT (((__boot2_end__ - __boot2_start__) == 0x100), ERROR: Pico second stage bootloader must be 256 bytes in size)

.text           0x10000100     0xc484
                0x10000100                __logical_binary_start = .
 *(.vectors)
 .vectors       0x10000100       0xd4 CMakeFiles/03_adc.dir/C_/Repositories/pico/pico-sdk/src/rp2_common/pico_crt0/crt0.S.obj
                0x10000100                __VECTOR_TABLE
                0x10000100                __vectors
                0x100001c0                isr_irq13
                0x100001c0                isr_irq27
                0x100001c0                isr_irq31
                0x100001c0                isr_irq12
                0x100001c0                isr_irq5
                0x100001c0                isr_irq11
                0x100001c0                isr_irq3
                0x100001c0                isr_irq23
                0x100001c0                __unhandled_user_irq
                0x100001c0                isr_irq26
                0x100001c0                isr_irq28
                0x100001c0                isr_irq19
                0x100001c0                isr_irq0
                0x100001c0                isr_irq6
                0x100001c0                isr_irq29
                0x100001c0                isr_irq16
                0x100001c0                isr_irq22
                0x100001c0                isr_irq18
                0x100001c0                isr_irq17
                0x100001c0                isr_irq14
                0x100001c0                __vectors_end
                0x100001c0                __default_isrs_start
                0x100001c0                isr_irq2
                0x100001c0                isr_irq10
                0x100001c0                isr_irq8
                0x100001c0                isr_irq24
                0x100001c0                isr_irq1
                0x100001c0                isr_irq7
                0x100001c0                isr_irq21
                0x100001c0                isr_irq20
                0x100001c0                isr_irq15
                0x100001c0                isr_irq25
                0x100001c0                isr_irq4
                0x100001c0                isr_irq30
                0x100001c0                isr_irq9
                0x100001c6                unhandled_user_irq_num_in_r0
                0x100001c8                isr_invalid
                0x100001ca                isr_nmi
                0x100001cc                isr_hardfault
                0x100001ce                isr_svcall
                0x100001d0                isr_pendsv
                0x100001d2                isr_systick
                0x100001d4                __default_isrs_end
 *(.binary_info_header)
 .binary_info_header
                0x100001d4       0x14 CMakeFiles/03_adc.dir/C_/Repositories/pico/pico-sdk/src/rp2_common/pico_crt0/crt0.S.obj
                0x100001e8                __binary_info_header_end = .
 *(.embedded_block)
                0x100001e8                __embedded_block_end = .
 *(.reset)
 .reset         0x100001e8       0x9c CMakeFiles/03_adc.dir/C_/Repositories/pico/pico-sdk/src/rp2_common/pico_crt0/crt0.S.obj
                0x100001e8                _entry_point
 *(.init)
 .init          0x10000284        0x4 c:/program files (x86)/gnu arm embedded toolchain/10 2021.10/bin/../lib/gcc/arm-none-eabi/10.3.1/thumb/v6-m/nofp/crti.o
                0x10000284                _init
 *(EXCLUDE_FILE(*libm.a: *libc.a:*lib_a-mem*.o *libgcc.a:) .text*)
 .text          0x10000288       0x48 c:/program files (x86)/gnu arm embedded toolchain/10 2021.10/bin/../lib/gcc/arm-none-eabi/10.3.1/thumb/v6-m/nofp/crtbegin.o
 .text.version_callback
                0x100002d0       0x1c CMakeFiles/03_adc.dir/main.c.obj
                0x100002d0                version_callback
 .text.led_on_callback
                0x100002ec       0x14 CMakeFiles/03_adc.dir/main.c.obj
                0x100002ec                led_on_callback
 .text.led_off_callback
                0x10000300       0x14 CMakeFiles/03_adc.dir/main.c.obj
                0x10000300                led_off_callback
 .text.led_blink_callback
                0x10000314       0x14 CMakeFiles/03_adc.dir/main.c.obj
                0x10000314                led_blink_callback
 .text.mem_callback
                0x10000328       0x38 CMakeFiles/03_adc.dir/main.c.obj
                0x10000328                mem_callback
 .text.wmem_callback
                0x10000360       0x40 CMakeFiles/03_adc.dir/main.c.obj
                0x10000360                wmem_callback
 .text.led_blink_set_period_ms_callback
                0x100003a0       0x3c CMakeFiles/03_adc.dir/main.c.obj
                0x100003a0                led_blink_set_period_ms_callback
 .text.help_callback
                0x100003dc       0x48 CMakeFiles/03_adc.dir/main.c.obj
                0x100003dc                help_callback
 .text.adc_callback
                0x10000424       0x1c CMakeFiles/03_adc.dir/main.c.obj
                0x10000424                adc_callback
 .text.temp_callback
                0x10000440       0x1c CMakeFiles/03_adc.dir/main.c.obj
                0x10000440                temp_callback
 .text.tm_start_callback
                0x1000045c       0x14 CMakeFiles/03_adc.dir/main.c.obj
                0x1000045c                tm_start_callback
 .text.tm_stop_callback
                0x10000470       0x14 CMakeFiles/03_adc.dir/main.c.obj
                0x10000470                tm_stop_callback
 .text.startup.main
                0x10000484       0x30 CMakeFiles/03_adc.dir/main.c.obj
                0x10000484                main
 .text.stdio_task_init
                0x100004b4        0xc CMakeFiles/03_adc.dir/stdio-task/stdio-task.c.obj
                0x100004b4                stdio_task_init
 .text.stdio_task_handle
                0x100004c0       0x60 CMakeFiles/03_adc.dir/stdio-task/stdio-task.c.obj
                0x100004c0                stdio_task_handle
 .text.protocol_task_init
                0x10000520       0x3c CMakeFiles/03_adc.dir/protocol-task/protocol-task.c.obj
                0x10000520                protocol_task_init
 .text.protocol_task_handle
                0x1000055c       0x7c CMakeFiles/03_adc.dir/protocol-task/protocol-task.c.obj
                0x1000055c                protocol_task_handle
 .text.led_task_init
                0x100005d8       0x30 CMakeFiles/03_adc.dir/led-task/led-task.c.obj
                0x100005d8                led_task_init
 .text.led_task_handle
                0x10000608       0x78 CMakeFiles/03_adc.dir/led-task/led-task.c.obj
                0x10000608                led_task_handle
 .text.led_task_state_set
                0x10000680        0xc CMakeFiles/03_adc.dir/led-task/led-task.c.obj
                0x10000680                led_task_state_set
 .text.led_task_set_blink_period_ms
                0x1000068c       0x18 CMakeFiles/03_adc.dir/led-task/led-task.c.obj
                0x1000068c                led_task_set_blink_period_ms
 .text.adc_task_init
                0x100006a4       0x2c CMakeFiles/03_adc.dir/adc-task/adc-task.c.obj
                0x100006a4                adc_task_init
 .text.adc_task_set_state
                0x100006d0       0x1c CMakeFiles/03_adc.dir/adc-task/adc-task.c.obj
                0x100006d0                adc_task_set_state
 .text.adc_task_read
                0x100006ec       0x48 CMakeFiles/03_adc.dir/adc-task/adc-task.c.obj
                0x100006ec                adc_task_read
 .text.adc_task_read_temperature
                0x10000734       0x70 CMakeFiles/03_adc.dir/adc-task/adc-task.c.obj
                0x10000734                adc_task_read_temperature
 .text.adc_task_handle
                0x100007a4      0x104 CMakeFiles/03_adc.dir/adc-task/adc-task.c.obj
                0x100007a4                adc_task_handle
 .text.gpio_set_function
                0x100008a8       0x34 CMakeFiles/03_adc.dir/C_/Repositories/pico/pico-sdk/src/rp2_common/hardware_gpio/gpio.c.obj
                0x100008a8                gpio_set_function
 .text.gpio_set_pulls
                0x100008dc       0x34 CMakeFiles/03_adc.dir/C_/Repositories/pico/pico-sdk/src/rp2_common/hardware_gpio/gpio.c.obj
                0x100008dc                gpio_set_pulls
 .text.gpio_set_input_enabled
                0x10000910       0x28 CMakeFiles/03_adc.dir/C_/Repositories/pico/pico-sdk/src/rp2_common/hardware_gpio/gpio.c.obj
                0x10000910                gpio_set_input_enabled
 .text.gpio_init
                0x10000938       0x40 CMakeFiles/03_adc.dir/C_/Repositories/pico/pico-sdk/src/rp2_common/hardware_gpio/gpio.c.obj
                0x10000938                gpio_init
 .text.rp2040_chip_version
                0x10000978        0xc CMakeFiles/03_adc.dir/C_/Repositories/pico/pico-sdk/src/rp2040/pico_platform/platform.c.obj
                0x10000978                rp2040_chip_version
 .text.panic    0x10000984       0x30 CMakeFiles/03_adc.dir/C_/Repositories/pico/pico-sdk/src/rp2_common/pico_platform_panic/panic.c.obj
                0x10000984                panic
 .text.hw_claim_or_assert
                0x100009b4       0x44 CMakeFiles/03_adc.dir/C_/Repositories/pico/pico-sdk/src/common/hardware_claim/claim.c.obj
                0x100009b4                hw_claim_or_assert
 .text.hw_claim_unused_from_range
                0x100009f8       0x9c CMakeFiles/03_adc.dir/C_/Repositories/pico/pico-sdk/src/common/hardware_claim/claim.c.obj
                0x100009f8                hw_claim_unused_from_range
 .text.next_striped_spin_lock_num
                0x10000a94       0x18 CMakeFiles/03_adc.dir/C_/Repositories/pico/pico-sdk/src/rp2_common/hardware_sync/sync.c.obj
                0x10000a94                next_striped_spin_lock_num
 .text.spin_lock_claim_unused
                0x10000aac       0x20 CMakeFiles/03_adc.dir/C_/Repositories/pico/pico-sdk/src/rp2_common/hardware_sync/sync.c.obj
                0x10000aac                spin_lock_claim_unused
 .text.spin_locks_reset
                0x10000acc       0x1c CMakeFiles/03_adc.dir/C_/Repositories/pico/pico-sdk/src/rp2_common/hardware_sync_spin_lock/sync_spin_lock.c.obj
                0x10000acc                spin_locks_reset
 .text.runtime_init_per_core_irq_priorities
                0x10000ae8       0x24 CMakeFiles/03_adc.dir/C_/Repositories/pico/pico-sdk/src/rp2_common/hardware_irq/irq.c.obj
                0x10000ae8                runtime_init_per_core_irq_priorities
 .text.irq_set_enabled
                0x10000b0c       0x24 CMakeFiles/03_adc.dir/C_/Repositories/pico/pico-sdk/src/rp2_common/hardware_irq/irq.c.obj
                0x10000b0c                irq_set_enabled
 .text.irq_is_enabled
                0x10000b30       0x18 CMakeFiles/03_adc.dir/C_/Repositories/pico/pico-sdk/src/rp2_common/hardware_irq/irq.c.obj
                0x10000b30                irq_is_enabled
 .text.irq_set_pending
                0x10000b48       0x10 CMakeFiles/03_adc.dir/C_/Repositories/pico/pico-sdk/src/rp2_common/hardware_irq/irq.c.obj
                0x10000b48                irq_set_pending
 .text.irq_has_shared_handler
                0x10000b58       0x24 CMakeFiles/03_adc.dir/C_/Repositories/pico/pico-sdk/src/rp2_common/hardware_irq/irq.c.obj
                0x10000b58                irq_has_shared_handler
 .text.irq_set_exclusive_handler
                0x10000b7c       0x54 CMakeFiles/03_adc.dir/C_/Repositories/pico/pico-sdk/src/rp2_common/hardware_irq/irq.c.obj
                0x10000b7c                irq_set_exclusive_handler
 .text.irq_add_shared_handler
                0x10000bd0      0x1e8 CMakeFiles/03_adc.dir/C_/Repositories/pico/pico-sdk/src/rp2_common/hardware_irq/irq.c.obj
                0x10000bd0                irq_add_shared_handler
 .text.irq_add_tail_to_free_list
                0x10000db8       0xb4 CMakeFiles/03_adc.dir/C_/Repositories/pico/pico-sdk/src/rp2_common/hardware_irq/irq.c.obj
                0x10000db8                irq_add_tail_to_free_list
 .text.user_irq_claim_unused
                0x10000e6c       0x28 CMakeFiles/03_adc.dir/C_/Repositories/pico/pico-sdk/src/rp2_common/hardware_irq/irq.c.obj
                0x10000e6c                user_irq_claim_unused
 .text.lock_init
                0x10000e94       0x10 CMakeFiles/03_adc.dir/C_/Repositories/pico/pico-sdk/src/common/pico_sync/lock_core.c.obj
                0x10000e94                lock_init
 .text.runtime_init_mutex
                0x10000ea4       0x58 CMakeFiles/03_adc.dir/C_/Repositories/pico/pico-sdk/src/common/pico_sync/mutex.c.obj
                0x10000ea4                runtime_init_mutex
 .text.mutex_init
                0x10000efc       0x1c CMakeFiles/03_adc.dir/C_/Repositories/pico/pico-sdk/src/common/pico_sync/mutex.c.obj
                0x10000efc                mutex_init
 .text.critical_section_init
                0x10000f18       0x20 CMakeFiles/03_adc.dir/C_/Repositories/pico/pico-sdk/src/common/pico_sync/critical_section.c.obj
                0x10000f18                critical_section_init
 .text.critical_section_init_with_lock_num
                0x10000f38       0x14 CMakeFiles/03_adc.dir/C_/Repositories/pico/pico-sdk/src/common/pico_sync/critical_section.c.obj
                0x10000f38                critical_section_init_with_lock_num
 .text.sleep_until_callback
                0x10000f4c       0x30 CMakeFiles/03_adc.dir/C_/Repositories/pico/pico-sdk/src/common/pico_time/time.c.obj
 .text.alarm_pool_irq_handler
                0x10000f7c      0x308 CMakeFiles/03_adc.dir/C_/Repositories/pico/pico-sdk/src/common/pico_time/time.c.obj
 .text.runtime_init_default_alarm_pool
                0x10001284       0xdc CMakeFiles/03_adc.dir/C_/Repositories/pico/pico-sdk/src/common/pico_time/time.c.obj
                0x10001284                runtime_init_default_alarm_pool
 .text.alarm_pool_get_default
                0x10001360        0x8 CMakeFiles/03_adc.dir/C_/Repositories/pico/pico-sdk/src/common/pico_time/time.c.obj
                0x10001360                alarm_pool_get_default
 .text.alarm_pool_add_alarm_at
                0x10001368       0xc8 CMakeFiles/03_adc.dir/C_/Repositories/pico/pico-sdk/src/common/pico_time/time.c.obj
                0x10001368                alarm_pool_add_alarm_at
 .text.alarm_pool_add_alarm_at_force_in_context
                0x10001430       0xb0 CMakeFiles/03_adc.dir/C_/Repositories/pico/pico-sdk/src/common/pico_time/time.c.obj
                0x10001430                alarm_pool_add_alarm_at_force_in_context
 .text.alarm_pool_cancel_alarm
                0x100014e0       0x7c CMakeFiles/03_adc.dir/C_/Repositories/pico/pico-sdk/src/common/pico_time/time.c.obj
                0x100014e0                alarm_pool_cancel_alarm
 .text.alarm_pool_core_num
                0x1000155c        0x4 CMakeFiles/03_adc.dir/C_/Repositories/pico/pico-sdk/src/common/pico_time/time.c.obj
                0x1000155c                alarm_pool_core_num
 .text.best_effort_wfe_or_timeout
                0x10001560       0xfc CMakeFiles/03_adc.dir/C_/Repositories/pico/pico-sdk/src/common/pico_time/time.c.obj
                0x10001560                best_effort_wfe_or_timeout
 .text.timer_hardware_alarm_claim
                0x1000165c       0x14 CMakeFiles/03_adc.dir/C_/Repositories/pico/pico-sdk/src/rp2_common/hardware_timer/timer.c.obj
                0x1000165c                timer_hardware_alarm_claim
 .text.timer_time_us_64
                0x10001670       0x10 CMakeFiles/03_adc.dir/C_/Repositories/pico/pico-sdk/src/rp2_common/hardware_timer/timer.c.obj
                0x10001670                timer_time_us_64
 .text.time_us_64
                0x10001680       0x14 CMakeFiles/03_adc.dir/C_/Repositories/pico/pico-sdk/src/rp2_common/hardware_timer/timer.c.obj
                0x10001680                time_us_64
 .text.busy_wait_us
                0x10001694       0x54 CMakeFiles/03_adc.dir/C_/Repositories/pico/pico-sdk/src/rp2_common/hardware_timer/timer.c.obj
                0x10001694                busy_wait_us
 .text.clock_configure_int_divider
                0x100016e8       0xf4 CMakeFiles/03_adc.dir/C_/Repositories/pico/pico-sdk/src/rp2_common/hardware_clocks/clocks.c.obj
                0x100016e8                clock_configure_int_divider
 .text.clock_configure_undivided
                0x100017dc       0xe8 CMakeFiles/03_adc.dir/C_/Repositories/pico/pico-sdk/src/rp2_common/hardware_clocks/clocks.c.obj
                0x100017dc                clock_configure_undivided
 .text.clock_get_hz
                0x100018c4        0xc CMakeFiles/03_adc.dir/C_/Repositories/pico/pico-sdk/src/rp2_common/hardware_clocks/clocks.c.obj
                0x100018c4                clock_get_hz
 .text.pll_init
                0x100018d0       0xa0 CMakeFiles/03_adc.dir/C_/Repositories/pico/pico-sdk/src/rp2_common/hardware_pll/pll.c.obj
                0x100018d0                pll_init
 .text.watchdog_reboot
                0x10001970       0x98 CMakeFiles/03_adc.dir/C_/Repositories/pico/pico-sdk/src/rp2_common/hardware_watchdog/watchdog.c.obj
                0x10001970                watchdog_reboot
 .text.tick_start
                0x10001a08       0x10 CMakeFiles/03_adc.dir/C_/Repositories/pico/pico-sdk/src/rp2_common/hardware_ticks/ticks.c.obj
                0x10001a08                tick_start
 .text.rom_func_lookup
                0x10001a18       0x10 CMakeFiles/03_adc.dir/C_/Repositories/pico/pico-sdk/src/rp2_common/pico_bootrom/bootrom.c.obj
                0x10001a18                rom_func_lookup
 .text.rom_data_lookup
                0x10001a28       0x10 CMakeFiles/03_adc.dir/C_/Repositories/pico/pico-sdk/src/rp2_common/pico_bootrom/bootrom.c.obj
                0x10001a28                rom_data_lookup
 .text.rom_funcs_lookup
                0x10001a38       0x44 CMakeFiles/03_adc.dir/C_/Repositories/pico/pico-sdk/src/rp2_common/pico_bootrom/bootrom.c.obj
                0x10001a38                rom_funcs_lookup
 .text.rom_reset_usb_boot_extra
                0x10001a7c       0x28 CMakeFiles/03_adc.dir/C_/Repositories/pico/pico-sdk/src/rp2_common/pico_bootrom/bootrom.c.obj
                0x10001a7c                rom_reset_usb_boot_extra
 .text.xosc_init
                0x10001aa4       0x28 CMakeFiles/03_adc.dir/C_/Repositories/pico/pico-sdk/src/rp2_common/hardware_xosc/xosc.c.obj
                0x10001aa4                xosc_init
 .text.first_per_core_initializer
                0x10001acc        0x4 CMakeFiles/03_adc.dir/C_/Repositories/pico/pico-sdk/src/rp2_common/pico_runtime/runtime.c.obj
 .text.hard_assertion_failure
                0x10001ad0        0xc CMakeFiles/03_adc.dir/C_/Repositories/pico/pico-sdk/src/rp2_common/pico_runtime/runtime.c.obj
                0x10001ad0                hard_assertion_failure
 .text.runtime_run_initializers
                0x10001adc       0x28 CMakeFiles/03_adc.dir/C_/Repositories/pico/pico-sdk/src/rp2_common/pico_runtime/runtime.c.obj
                0x10001adc                runtime_run_initializers
 .text.runtime_init_early_resets
                0x10001b04       0x2c CMakeFiles/03_adc.dir/C_/Repositories/pico/pico-sdk/src/rp2_common/pico_runtime_init/runtime_init.c.obj
                0x10001b04                runtime_init_early_resets
 .text.runtime_init_usb_power_down
                0x10001b30       0x1c CMakeFiles/03_adc.dir/C_/Repositories/pico/pico-sdk/src/rp2_common/pico_runtime_init/runtime_init.c.obj
                0x10001b30                runtime_init_usb_power_down
 .text.runtime_init_post_clock_resets
                0x10001b4c       0x20 CMakeFiles/03_adc.dir/C_/Repositories/pico/pico-sdk/src/rp2_common/pico_runtime_init/runtime_init.c.obj
                0x10001b4c                runtime_init_post_clock_resets
 .text.runtime_init_rp2040_gpio_ie_disable
                0x10001b6c       0x14 CMakeFiles/03_adc.dir/C_/Repositories/pico/pico-sdk/src/rp2_common/pico_runtime_init/runtime_init.c.obj
                0x10001b6c                runtime_init_rp2040_gpio_ie_disable
 .text.runtime_init_spin_locks_reset
                0x10001b80        0x8 CMakeFiles/03_adc.dir/C_/Repositories/pico/pico-sdk/src/rp2_common/pico_runtime_init/runtime_init.c.obj
                0x10001b80                runtime_init_spin_locks_reset
 .text.runtime_init_install_ram_vector_table
                0x10001b88       0xcc CMakeFiles/03_adc.dir/C_/Repositories/pico/pico-sdk/src/rp2_common/pico_runtime_init/runtime_init.c.obj
                0x10001b88                runtime_init_install_ram_vector_table
 .text.runtime_init_clocks
                0x10001c54       0xd8 CMakeFiles/03_adc.dir/C_/Repositories/pico/pico-sdk/src/rp2_common/pico_runtime_init/runtime_init_clocks.c.obj
                0x10001c54                runtime_init_clocks
 .text          0x10001d2c       0x10 CMakeFiles/03_adc.dir/C_/Repositories/pico/pico-sdk/src/rp2_common/pico_bit_ops/bit_ops_aeabi.S.obj
 .text.__wrap___aeabi_idiv
                0x10001d3c       0x50 CMakeFiles/03_adc.dir/C_/Repositories/pico/pico-sdk/src/rp2_common/pico_divider/divider_hardware.S.obj
                0x10001d3c                __wrap___aeabi_idivmod
                0x10001d3c                divmod_s32s32
                0x10001d3c                div_s32s32
                0x10001d3c                __wrap___aeabi_idiv
                0x10001d44                divmod_s32s32_unsafe
                0x10001d70                divmod_s32s32_savestate
 .text.__wrap___aeabi_uidiv
                0x10001d8c       0x4c CMakeFiles/03_adc.dir/C_/Repositories/pico/pico-sdk/src/rp2_common/pico_divider/divider_hardware.S.obj
                0x10001d8c                __wrap___aeabi_uidiv
                0x10001d8c                __wrap___aeabi_uidivmod
                0x10001d8c                div_u32u32
                0x10001d8c                divmod_u32u32
                0x10001d94                divmod_u32u32_unsafe
                0x10001dbc                divmod_u32u32_savestate
 .text.__wrap___aeabi_ldiv
                0x10001dd8      0x424 CMakeFiles/03_adc.dir/C_/Repositories/pico/pico-sdk/src/rp2_common/pico_divider/divider_hardware.S.obj
                0x10001dd8                div_s64s64
                0x10001dd8                divmod_s64s64
                0x10001dd8                __wrap___aeabi_ldivmod
                0x10001e08                divmod_u64u64
                0x10001e08                div_u64u64
                0x10001e08                __wrap___aeabi_uldivmod
                0x10001e18                divmod_u64u64_savestate
                0x10001e38                divmod_s64s64_unsafe
                0x10001ec0                divmod_u64u64_unsafe
 .text.__wrap___aeabi_darithmetic
                0x100021fc       0x80 CMakeFiles/03_adc.dir/C_/Repositories/pico/pico-sdk/src/rp2_common/pico_double/double_aeabi_rp2040.S.obj
                0x100021fc                __wrap___aeabi_drsub
                0x10002202                __wrap___aeabi_dsub
                0x10002214                __wrap___aeabi_dadd
                0x10002226                __wrap___aeabi_ddiv
                0x10002262                __wrap___aeabi_dmul
 .text.__wrap___aeabi_cdcmple
                0x1000227c       0x6c CMakeFiles/03_adc.dir/C_/Repositories/pico/pico-sdk/src/rp2_common/pico_double/double_aeabi_rp2040.S.obj
                0x1000227c                __wrap___aeabi_cdrcmple
                0x1000228c                __wrap___aeabi_cdcmpeq
                0x1000228c                __wrap___aeabi_cdcmple
 .text.__wrap___aeabi_dcmpeq
                0x100022e8       0x10 CMakeFiles/03_adc.dir/C_/Repositories/pico/pico-sdk/src/rp2_common/pico_double/double_aeabi_rp2040.S.obj
                0x100022e8                __wrap___aeabi_dcmpeq
 .text.__wrap___aeabi_dcmplt
                0x100022f8        0xc CMakeFiles/03_adc.dir/C_/Repositories/pico/pico-sdk/src/rp2_common/pico_double/double_aeabi_rp2040.S.obj
                0x100022f8                __wrap___aeabi_dcmplt
 .text.__wrap___aeabi_dcmple
                0x10002304       0x10 CMakeFiles/03_adc.dir/C_/Repositories/pico/pico-sdk/src/rp2_common/pico_double/double_aeabi_rp2040.S.obj
                0x10002304                __wrap___aeabi_dcmple
 .text.__wrap___aeabi_dcmpge
                0x10002314       0x10 CMakeFiles/03_adc.dir/C_/Repositories/pico/pico-sdk/src/rp2_common/pico_double/double_aeabi_rp2040.S.obj
                0x10002314                __wrap___aeabi_dcmpge
 .text.__wrap___aeabi_dcmpgt
                0x10002324        0xa CMakeFiles/03_adc.dir/C_/Repositories/pico/pico-sdk/src/rp2_common/pico_double/double_aeabi_rp2040.S.obj
                0x10002324                __wrap___aeabi_dcmpgt
 .text.__wrap___aeabi_dcmpun
                0x1000232e       0x18 CMakeFiles/03_adc.dir/C_/Repositories/pico/pico-sdk/src/rp2_common/pico_double/double_aeabi_rp2040.S.obj
                0x1000232e                __wrap___aeabi_dcmpun
 *fill*         0x10002346        0x2 
 .text.__wrap___aeabi_i2d
                0x10002348       0x38 CMakeFiles/03_adc.dir/C_/Repositories/pico/pico-sdk/src/rp2_common/pico_double/double_aeabi_rp2040.S.obj
                0x10002348                uint2double
                0x10002348                __wrap___aeabi_ui2d
                0x10002350                int2double
                0x10002350                __wrap___aeabi_i2d
 .text.__wrap___aeabi_d2iz
                0x10002380       0x48 CMakeFiles/03_adc.dir/C_/Repositories/pico/pico-sdk/src/rp2_common/pico_double/double_aeabi_rp2040.S.obj
                0x10002380                double2int_z
                0x10002380                __wrap___aeabi_d2iz
 .text.__wrap___aeabi_d2uiz
                0x100023c8       0x18 CMakeFiles/03_adc.dir/C_/Repositories/pico/pico-sdk/src/rp2_common/pico_double/double_aeabi_rp2040.S.obj
                0x100023c8                double2uint
                0x100023c8                __wrap___aeabi_d2uiz
                0x100023c8                double2uint_z
 .text.__wrap___aeabi_l2d
                0x100023e0       0x18 CMakeFiles/03_adc.dir/C_/Repositories/pico/pico-sdk/src/rp2_common/pico_double/double_aeabi_rp2040.S.obj
                0x100023e0                int642double
                0x100023e0                __wrap___aeabi_l2d
 .text.__wrap___aeabi_d2lz
                0x100023f8       0x26 CMakeFiles/03_adc.dir/C_/Repositories/pico/pico-sdk/src/rp2_common/pico_double/double_aeabi_rp2040.S.obj
                0x100023f8                double2int64_z
                0x100023f8                __wrap___aeabi_d2lz
 *fill*         0x1000241e        0x2 
 .text.double2int64
                0x10002420       0x18 CMakeFiles/03_adc.dir/C_/Repositories/pico/pico-sdk/src/rp2_common/pico_double/double_aeabi_rp2040.S.obj
                0x10002420                double2int64
 .text.double2ufix64
                0x10002438       0x18 CMakeFiles/03_adc.dir/C_/Repositories/pico/pico-sdk/src/rp2_common/pico_double/double_aeabi_rp2040.S.obj
                0x10002438                double2ufix64_z
                0x10002438                double2ufix64
 .text.__wrap___aeabi_d2f
                0x10002450       0x18 CMakeFiles/03_adc.dir/C_/Repositories/pico/pico-sdk/src/rp2_common/pico_double/double_aeabi_rp2040.S.obj
                0x10002450                __wrap___aeabi_d2f
 .text.__aeabi_double_init
                0x10002468       0xa0 CMakeFiles/03_adc.dir/C_/Repositories/pico/pico-sdk/src/rp2_common/pico_double/double_init_rom_rp2040.c.obj
                0x10002468                __aeabi_double_init
 .text.double_table_shim_on_use_helper
                0x10002508       0x2c CMakeFiles/03_adc.dir/C_/Repositories/pico/pico-sdk/src/rp2_common/pico_double/double_v1_rom_shim_rp2040.S.obj
                0x10002508                double_table_shim_on_use_helper
 .text.__wrap___aeabi_dsub
                0x10002534       0x10 CMakeFiles/03_adc.dir/C_/Repositories/pico/pico-sdk/src/rp2_common/pico_double/double_v1_rom_shim_rp2040.S.obj
                0x10002534                drsub_shim
                0x1000253a                dsub_shim
 .text.dadd_shim
                0x10002544      0x15c CMakeFiles/03_adc.dir/C_/Repositories/pico/pico-sdk/src/rp2_common/pico_double/double_v1_rom_shim_rp2040.S.obj
                0x10002544                dadd_shim
 .text.dmul_shim
                0x100026a0      0x15c CMakeFiles/03_adc.dir/C_/Repositories/pico/pico-sdk/src/rp2_common/pico_double/double_v1_rom_shim_rp2040.S.obj
                0x100026a0                dmul_shim
 .text.ddiv_shim
                0x100027fc      0x1b0 CMakeFiles/03_adc.dir/C_/Repositories/pico/pico-sdk/src/rp2_common/pico_double/double_v1_rom_shim_rp2040.S.obj
                0x100027fc                ddiv_shim
 .text.double2uint_shim
                0x100029ac        0xe CMakeFiles/03_adc.dir/C_/Repositories/pico/pico-sdk/src/rp2_common/pico_double/double_v1_rom_shim_rp2040.S.obj
                0x100029ac                double2uint_shim
                0x100029ae                double2ufix_shim
 .text.double2int64_shim
                0x100029ba       0x1a CMakeFiles/03_adc.dir/C_/Repositories/pico/pico-sdk/src/rp2_common/pico_double/double_v1_rom_shim_rp2040.S.obj
                0x100029ba                double2int64_shim
                0x100029bc                double2fix64_shim
 .text.double2uint64_shim
                0x100029d4       0x70 CMakeFiles/03_adc.dir/C_/Repositories/pico/pico-sdk/src/rp2_common/pico_double/double_v1_rom_shim_rp2040.S.obj
                0x100029d4                double2uint64_shim
                0x100029d6                double2ufix64_shim
                0x100029f6                d2fix_a
 .text.double2float_shim
                0x10002a44       0x5c CMakeFiles/03_adc.dir/C_/Repositories/pico/pico-sdk/src/rp2_common/pico_double/double_v1_rom_shim_rp2040.S.obj
                0x10002a44                double2float_shim
 .text.x2double_shims
                0x10002aa0       0x90 CMakeFiles/03_adc.dir/C_/Repositories/pico/pico-sdk/src/rp2_common/pico_double/double_v1_rom_shim_rp2040.S.obj
                0x10002aa0                uint2double_shim
                0x10002aa2                ufix2double_shim
                0x10002aa8                int2double_shim
                0x10002aaa                fix2double_shim
                0x10002ab0                uint642double_shim
                0x10002ab2                ufix642double_shim
                0x10002ab8                int642double_shim
                0x10002aba                fix642double_shim
 .text.dunpacks
                0x10002b30       0x3c CMakeFiles/03_adc.dir/C_/Repositories/pico/pico-sdk/src/rp2_common/pico_double/double_v1_rom_shim_rp2040.S.obj
                0x10002b30                dunpacks
 .text.__aeabi_lmul
                0x10002b6c       0x32 CMakeFiles/03_adc.dir/C_/Repositories/pico/pico-sdk/src/rp2_common/pico_int64_ops/pico_int64_ops_aeabi.S.obj
                0x10002b6c                __wrap___aeabi_lmul
 *fill*         0x10002b9e        0x2 
 .text.__wrap___aeabi_farithmetic
                0x10002ba0       0x48 CMakeFiles/03_adc.dir/C_/Repositories/pico/pico-sdk/src/rp2_common/pico_float/float_aeabi_rp2040.S.obj
                0x10002ba0                __wrap___aeabi_frsub
                0x10002ba6                __wrap___aeabi_fsub
                0x10002bac                __wrap___aeabi_fadd
                0x10002bb2                __wrap___aeabi_fdiv
                0x10002bda                __wrap___aeabi_fmul
 .text.__wrap___aeabi_i2f
                0x10002be8       0x44 CMakeFiles/03_adc.dir/C_/Repositories/pico/pico-sdk/src/rp2_common/pico_float/float_aeabi_rp2040.S.obj
                0x10002be8                __wrap___aeabi_i2f
                0x10002be8                int2float
 .text.__wrap___aeabi_f2d
                0x10002c2c       0x14 CMakeFiles/03_adc.dir/C_/Repositories/pico/pico-sdk/src/rp2_common/pico_float/float_aeabi_rp2040.S.obj
                0x10002c2c                __wrap___aeabi_f2d
 .text.__aeabi_float_init
                0x10002c40       0x64 CMakeFiles/03_adc.dir/C_/Repositories/pico/pico-sdk/src/rp2_common/pico_float/float_init_rom_rp2040.c.obj
                0x10002c40                __aeabi_float_init
 .text.float_table_shim_on_use_helper
                0x10002ca4       0x2c CMakeFiles/03_adc.dir/C_/Repositories/pico/pico-sdk/src/rp2_common/pico_float/float_v1_rom_shim_rp2040.S.obj
                0x10002ca4                float_table_shim_on_use_helper
 .text.float2double_shim
                0x10002cd0       0x30 CMakeFiles/03_adc.dir/C_/Repositories/pico/pico-sdk/src/rp2_common/pico_float/float_v1_rom_shim_rp2040.S.obj
                0x10002cd0                float2double_shim
 .text.__wrap_malloc
                0x10002d00       0x24 CMakeFiles/03_adc.dir/C_/Repositories/pico/pico-sdk/src/rp2_common/pico_malloc/malloc.c.obj
                0x10002d00                __wrap_malloc
 .text.__wrap_realloc
                0x10002d24       0x24 CMakeFiles/03_adc.dir/C_/Repositories/pico/pico-sdk/src/rp2_common/pico_malloc/malloc.c.obj
                0x10002d24                __wrap_realloc
 .text.__wrap_free
                0x10002d48        0x8 CMakeFiles/03_adc.dir/C_/Repositories/pico/pico-sdk/src/rp2_common/pico_malloc/malloc.c.obj
                0x10002d48                __wrap_free
 .text          0x10002d50       0x10 CMakeFiles/03_adc.dir/C_/Repositories/pico/pico-sdk/src/rp2_common/pico_mem_ops/mem_ops_aeabi.S.obj
                0x10002d50                __aeabi_mem_init
 .text.memset   0x10002d60        0xc CMakeFiles/03_adc.dir/C_/Repositories/pico/pico-sdk/src/rp2_common/pico_mem_ops/mem_ops_aeabi.S.obj
                0x10002d60                __wrap_memset
 .text.memcpy   0x10002d6c        0xc CMakeFiles/03_adc.dir/C_/Repositories/pico/pico-sdk/src/rp2_common/pico_mem_ops/mem_ops_aeabi.S.obj
                0x10002d6c                __wrap_memcpy
                0x10002d6c                __wrap___aeabi_memcpy
 .text._out_buffer
                0x10002d78        0x8 CMakeFiles/03_adc.dir/C_/Repositories/pico/pico-sdk/src/rp2_common/pico_printf/printf.c.obj
 .text._out_null
                0x10002d80        0x4 CMakeFiles/03_adc.dir/C_/Repositories/pico/pico-sdk/src/rp2_common/pico_printf/printf.c.obj
 .text._out_rev
                0x10002d84       0x9c CMakeFiles/03_adc.dir/C_/Repositories/pico/pico-sdk/src/rp2_common/pico_printf/printf.c.obj
 .text._ntoa_format
                0x10002e20      0x1cc CMakeFiles/03_adc.dir/C_/Repositories/pico/pico-sdk/src/rp2_common/pico_printf/printf.c.obj
 .text._out_char
                0x10002fec       0x10 CMakeFiles/03_adc.dir/C_/Repositories/pico/pico-sdk/src/rp2_common/pico_printf/printf.c.obj
 .text._out_fct
                0x10002ffc       0x10 CMakeFiles/03_adc.dir/C_/Repositories/pico/pico-sdk/src/rp2_common/pico_printf/printf.c.obj
 .text._etoa    0x1000300c      0x44c CMakeFiles/03_adc.dir/C_/Repositories/pico/pico-sdk/src/rp2_common/pico_printf/printf.c.obj
 .text._ftoa    0x10003458      0x398 CMakeFiles/03_adc.dir/C_/Repositories/pico/pico-sdk/src/rp2_common/pico_printf/printf.c.obj
 .text._vsnprintf
                0x100037f0      0xb04 CMakeFiles/03_adc.dir/C_/Repositories/pico/pico-sdk/src/rp2_common/pico_printf/printf.c.obj
 .text.__wrap_sprintf
                0x100042f4       0x28 CMakeFiles/03_adc.dir/C_/Repositories/pico/pico-sdk/src/rp2_common/pico_printf/printf.c.obj
                0x100042f4                __wrap_sprintf
 .text.vfctprintf
                0x1000431c       0x20 CMakeFiles/03_adc.dir/C_/Repositories/pico/pico-sdk/src/rp2_common/pico_printf/printf.c.obj
                0x1000431c                vfctprintf
 .text.weak_raw_printf
                0x1000433c       0x40 CMakeFiles/03_adc.dir/C_/Repositories/pico/pico-sdk/src/rp2_common/pico_printf/printf.c.obj
                0x1000433c                weak_raw_printf
 .text.weak_raw_vprintf
                0x1000437c       0x30 CMakeFiles/03_adc.dir/C_/Repositories/pico/pico-sdk/src/rp2_common/pico_printf/printf.c.obj
                0x1000437c                weak_raw_vprintf
 .text._exit    0x100043ac        0x4 CMakeFiles/03_adc.dir/C_/Repositories/pico/pico-sdk/src/rp2_common/pico_clib_interface/newlib_interface.c.obj
                0x100043ac                _exit
 .text._sbrk    0x100043b0       0x34 CMakeFiles/03_adc.dir/C_/Repositories/pico/pico-sdk/src/rp2_common/pico_clib_interface/newlib_interface.c.obj
                0x100043b0                _sbrk
 .text.exit     0x100043e4        0x8 CMakeFiles/03_adc.dir/C_/Repositories/pico/pico-sdk/src/rp2_common/pico_clib_interface/newlib_interface.c.obj
                0x100043e4                exit
 .text.__assert_func
                0x100043ec       0x34 CMakeFiles/03_adc.dir/C_/Repositories/pico/pico-sdk/src/rp2_common/pico_clib_interface/newlib_interface.c.obj
                0x100043ec                __assert_func
 .text.runtime_init
                0x10004420       0x2c CMakeFiles/03_adc.dir/C_/Repositories/pico/pico-sdk/src/rp2_common/pico_clib_interface/newlib_interface.c.obj
                0x10004420                runtime_init
 .text.stdio_out_chars_no_crlf
                0x1000444c       0x10 CMakeFiles/03_adc.dir/C_/Repositories/pico/pico-sdk/src/rp2_common/pico_stdio/stdio.c.obj
 .text.stdio_out_chars_crlf
                0x1000445c       0xb4 CMakeFiles/03_adc.dir/C_/Repositories/pico/pico-sdk/src/rp2_common/pico_stdio/stdio.c.obj
 .text.stdio_buffered_printer
                0x10004510       0x64 CMakeFiles/03_adc.dir/C_/Repositories/pico/pico-sdk/src/rp2_common/pico_stdio/stdio.c.obj
 .text.stdio_put_string
                0x10004574      0x100 CMakeFiles/03_adc.dir/C_/Repositories/pico/pico-sdk/src/rp2_common/pico_stdio/stdio.c.obj
                0x10004574                stdio_put_string
 .text.stdio_set_driver_enabled
                0x10004674       0x30 CMakeFiles/03_adc.dir/C_/Repositories/pico/pico-sdk/src/rp2_common/pico_stdio/stdio.c.obj
                0x10004674                stdio_set_driver_enabled
 .text.stdio_init_all
                0x100046a4        0x8 CMakeFiles/03_adc.dir/C_/Repositories/pico/pico-sdk/src/rp2_common/pico_stdio/stdio.c.obj
                0x100046a4                stdio_init_all
 .text.stdio_getchar_timeout_us
                0x100046ac       0x98 CMakeFiles/03_adc.dir/C_/Repositories/pico/pico-sdk/src/rp2_common/pico_stdio/stdio.c.obj
                0x100046ac                stdio_getchar_timeout_us
 .text.__wrap_putchar
                0x10004744       0x98 CMakeFiles/03_adc.dir/C_/Repositories/pico/pico-sdk/src/rp2_common/pico_stdio/stdio.c.obj
                0x10004744                __wrap_putchar
                0x10004744                stdio_putchar
 .text.__wrap_puts
                0x100047dc       0x3c CMakeFiles/03_adc.dir/C_/Repositories/pico/pico-sdk/src/rp2_common/pico_stdio/stdio.c.obj
                0x100047dc                stdio_puts
                0x100047dc                __wrap_puts
 .text.__wrap_vprintf
                0x10004818       0xd8 CMakeFiles/03_adc.dir/C_/Repositories/pico/pico-sdk/src/rp2_common/pico_stdio/stdio.c.obj
                0x10004818                stdio_vprintf
                0x10004818                __wrap_vprintf
 .text.__wrap_printf
                0x100048f0       0x18 CMakeFiles/03_adc.dir/C_/Repositories/pico/pico-sdk/src/rp2_common/pico_stdio/stdio.c.obj
                0x100048f0                __wrap_printf
                0x100048f0                stdio_printf
 .text.resetd_init
                0x10004908        0x4 CMakeFiles/03_adc.dir/C_/Repositories/pico/pico-sdk/src/rp2_common/pico_stdio_usb/reset_interface.c.obj
 .text.resetd_reset
                0x1000490c        0xc CMakeFiles/03_adc.dir/C_/Repositories/pico/pico-sdk/src/rp2_common/pico_stdio_usb/reset_interface.c.obj
 .text.resetd_open
                0x10004918       0x28 CMakeFiles/03_adc.dir/C_/Repositories/pico/pico-sdk/src/rp2_common/pico_stdio_usb/reset_interface.c.obj
 .text.resetd_xfer_cb
                0x10004940        0x4 CMakeFiles/03_adc.dir/C_/Repositories/pico/pico-sdk/src/rp2_common/pico_stdio_usb/reset_interface.c.obj
 .text.resetd_control_xfer_cb
                0x10004944       0x60 CMakeFiles/03_adc.dir/C_/Repositories/pico/pico-sdk/src/rp2_common/pico_stdio_usb/reset_interface.c.obj
 .text.tud_descriptor_bos_cb
                0x100049a4        0x8 CMakeFiles/03_adc.dir/C_/Repositories/pico/pico-sdk/src/rp2_common/pico_stdio_usb/reset_interface.c.obj
                0x100049a4                tud_descriptor_bos_cb
 .text.tud_vendor_control_xfer_cb
                0x100049ac       0x34 CMakeFiles/03_adc.dir/C_/Repositories/pico/pico-sdk/src/rp2_common/pico_stdio_usb/reset_interface.c.obj
                0x100049ac                tud_vendor_control_xfer_cb
 .text.usbd_app_driver_get_cb
                0x100049e0        0xc CMakeFiles/03_adc.dir/C_/Repositories/pico/pico-sdk/src/rp2_common/pico_stdio_usb/reset_interface.c.obj
                0x100049e0                usbd_app_driver_get_cb
 .text.tud_cdc_line_coding_cb
                0x100049ec       0x2c CMakeFiles/03_adc.dir/C_/Repositories/pico/pico-sdk/src/rp2_common/pico_stdio_usb/reset_interface.c.obj
                0x100049ec                tud_cdc_line_coding_cb
 .text.stdio_usb_set_chars_available_callback
                0x10004a18       0x14 CMakeFiles/03_adc.dir/C_/Repositories/pico/pico-sdk/src/rp2_common/pico_stdio_usb/stdio_usb.c.obj
                0x10004a18                stdio_usb_set_chars_available_callback
 .text.usb_irq  0x10004a2c       0x10 CMakeFiles/03_adc.dir/C_/Repositories/pico/pico-sdk/src/rp2_common/pico_stdio_usb/stdio_usb.c.obj
 .text.timer_task
                0x10004a3c       0x64 CMakeFiles/03_adc.dir/C_/Repositories/pico/pico-sdk/src/rp2_common/pico_stdio_usb/stdio_usb.c.obj
 .text.stdio_usb_in_chars
                0x10004aa0       0x90 CMakeFiles/03_adc.dir/C_/Repositories/pico/pico-sdk/src/rp2_common/pico_stdio_usb/stdio_usb.c.obj
                0x10004aa0                stdio_usb_in_chars
 .text.stdio_usb_out_flush
                0x10004b30       0x50 CMakeFiles/03_adc.dir/C_/Repositories/pico/pico-sdk/src/rp2_common/pico_stdio_usb/stdio_usb.c.obj
 .text.stdio_usb_out_chars
                0x10004b80      0x100 CMakeFiles/03_adc.dir/C_/Repositories/pico/pico-sdk/src/rp2_common/pico_stdio_usb/stdio_usb.c.obj
 .text.low_priority_worker_irq
                0x10004c80       0xc8 CMakeFiles/03_adc.dir/C_/Repositories/pico/pico-sdk/src/rp2_common/pico_stdio_usb/stdio_usb.c.obj
 .text.stdio_usb_init
                0x10004d48       0xe8 CMakeFiles/03_adc.dir/C_/Repositories/pico/pico-sdk/src/rp2_common/pico_stdio_usb/stdio_usb.c.obj
                0x10004d48                stdio_usb_init
 .text.tud_descriptor_device_cb
                0x10004e30        0x8 CMakeFiles/03_adc.dir/C_/Repositories/pico/pico-sdk/src/rp2_common/pico_stdio_usb/stdio_usb_descriptors.c.obj
                0x10004e30                tud_descriptor_device_cb
 .text.tud_descriptor_configuration_cb
                0x10004e38        0x8 CMakeFiles/03_adc.dir/C_/Repositories/pico/pico-sdk/src/rp2_common/pico_stdio_usb/stdio_usb_descriptors.c.obj
                0x10004e38                tud_descriptor_configuration_cb
 .text.tud_descriptor_string_cb
                0x10004e40       0x74 CMakeFiles/03_adc.dir/C_/Repositories/pico/pico-sdk/src/rp2_common/pico_stdio_usb/stdio_usb_descriptors.c.obj
                0x10004e40                tud_descriptor_string_cb
 .text.startup._retrieve_unique_id_on_boot
                0x10004eb4       0x10 CMakeFiles/03_adc.dir/C_/Repositories/pico/pico-sdk/src/rp2_common/pico_unique_id/unique_id.c.obj
 .text.pico_get_unique_board_id_string
                0x10004ec4      0x1a8 CMakeFiles/03_adc.dir/C_/Repositories/pico/pico-sdk/src/rp2_common/pico_unique_id/unique_id.c.obj
                0x10004ec4                pico_get_unique_board_id_string
 .text.flash_get_unique_id
                0x1000506c       0x40 CMakeFiles/03_adc.dir/C_/Repositories/pico/pico-sdk/src/rp2_common/hardware_flash/flash.c.obj
                0x1000506c                flash_get_unique_id
 .text.dcd_init
                0x100050ac       0x90 CMakeFiles/03_adc.dir/C_/Repositories/pico/pico-sdk/lib/tinyusb/src/portable/raspberrypi/rp2040/dcd_rp2040.c.obj
                0x100050ac                dcd_init
 .text.dcd_int_enable
                0x1000513c        0xc CMakeFiles/03_adc.dir/C_/Repositories/pico/pico-sdk/lib/tinyusb/src/portable/raspberrypi/rp2040/dcd_rp2040.c.obj
                0x1000513c                dcd_int_enable
 .text.dcd_set_address
                0x10005148       0x14 CMakeFiles/03_adc.dir/C_/Repositories/pico/pico-sdk/lib/tinyusb/src/portable/raspberrypi/rp2040/dcd_rp2040.c.obj
                0x10005148                dcd_set_address
 .text.dcd_sof_enable
                0x1000515c       0x1c CMakeFiles/03_adc.dir/C_/Repositories/pico/pico-sdk/lib/tinyusb/src/portable/raspberrypi/rp2040/dcd_rp2040.c.obj
                0x1000515c                dcd_sof_enable
 .text.dcd_edpt0_status_complete
                0x10005178       0x1c CMakeFiles/03_adc.dir/C_/Repositories/pico/pico-sdk/lib/tinyusb/src/portable/raspberrypi/rp2040/dcd_rp2040.c.obj
                0x10005178                dcd_edpt0_status_complete
 .text.dcd_edpt_open
                0x10005194      0x114 CMakeFiles/03_adc.dir/C_/Repositories/pico/pico-sdk/lib/tinyusb/src/portable/raspberrypi/rp2040/dcd_rp2040.c.obj
                0x10005194                dcd_edpt_open
 .text.dcd_edpt_close_all
                0x100052a8        0x8 CMakeFiles/03_adc.dir/C_/Repositories/pico/pico-sdk/lib/tinyusb/src/portable/raspberrypi/rp2040/dcd_rp2040.c.obj
                0x100052a8                dcd_edpt_close_all
 .text.dcd_edpt_xfer
                0x100052b0       0x24 CMakeFiles/03_adc.dir/C_/Repositories/pico/pico-sdk/lib/tinyusb/src/portable/raspberrypi/rp2040/dcd_rp2040.c.obj
                0x100052b0                dcd_edpt_xfer
 .text.dcd_edpt_stall
                0x100052d4       0x38 CMakeFiles/03_adc.dir/C_/Repositories/pico/pico-sdk/lib/tinyusb/src/portable/raspberrypi/rp2040/dcd_rp2040.c.obj
                0x100052d4                dcd_edpt_stall
 .text.dcd_edpt_clear_stall
                0x1000530c       0x30 CMakeFiles/03_adc.dir/C_/Repositories/pico/pico-sdk/lib/tinyusb/src/portable/raspberrypi/rp2040/dcd_rp2040.c.obj
                0x1000530c                dcd_edpt_clear_stall
 .text.rp2040_usb_init
                0x1000533c       0x40 CMakeFiles/03_adc.dir/C_/Repositories/pico/pico-sdk/lib/tinyusb/src/portable/raspberrypi/rp2040/rp2040_usb.c.obj
                0x1000533c                rp2040_usb_init
 .text.hw_endpoint_xfer_start
                0x1000537c       0x50 CMakeFiles/03_adc.dir/C_/Repositories/pico/pico-sdk/lib/tinyusb/src/portable/raspberrypi/rp2040/rp2040_usb.c.obj
                0x1000537c                hw_endpoint_xfer_start
 .text.tud_event_hook_cb
                0x100053cc        0x4 CMakeFiles/03_adc.dir/C_/Repositories/pico/pico-sdk/lib/tinyusb/src/device/usbd.c.obj
                0x100053cc                tud_event_hook_cb
 .text.tud_sof_cb
                0x100053d0        0x4 CMakeFiles/03_adc.dir/C_/Repositories/pico/pico-sdk/lib/tinyusb/src/device/usbd.c.obj
                0x100053d0                tud_sof_cb
 .text.tud_descriptor_device_qualifier_cb
                0x100053d4        0x4 CMakeFiles/03_adc.dir/C_/Repositories/pico/pico-sdk/lib/tinyusb/src/device/usbd.c.obj
                0x100053d4                tud_descriptor_device_qualifier_cb
 .text.tud_descriptor_other_speed_configuration_cb
                0x100053d8        0x4 CMakeFiles/03_adc.dir/C_/Repositories/pico/pico-sdk/lib/tinyusb/src/device/usbd.c.obj
                0x100053d8                tud_descriptor_other_speed_configuration_cb
 .text.tud_mount_cb
                0x100053dc        0x4 CMakeFiles/03_adc.dir/C_/Repositories/pico/pico-sdk/lib/tinyusb/src/device/usbd.c.obj
                0x100053dc                tud_mount_cb
 .text.tud_umount_cb
                0x100053e0        0x4 CMakeFiles/03_adc.dir/C_/Repositories/pico/pico-sdk/lib/tinyusb/src/device/usbd.c.obj
                0x100053e0                tud_umount_cb
 .text.tud_suspend_cb
                0x100053e4        0x4 CMakeFiles/03_adc.dir/C_/Repositories/pico/pico-sdk/lib/tinyusb/src/device/usbd.c.obj
                0x100053e4                tud_suspend_cb
 .text.tud_resume_cb
                0x100053e8        0x4 CMakeFiles/03_adc.dir/C_/Repositories/pico/pico-sdk/lib/tinyusb/src/device/usbd.c.obj
                0x100053e8                tud_resume_cb
 .text.tud_mounted
                0x100053ec       0x10 CMakeFiles/03_adc.dir/C_/Repositories/pico/pico-sdk/lib/tinyusb/src/device/usbd.c.obj
                0x100053ec                tud_mounted
 .text.tud_suspended
                0x100053fc       0x10 CMakeFiles/03_adc.dir/C_/Repositories/pico/pico-sdk/lib/tinyusb/src/device/usbd.c.obj
                0x100053fc                tud_suspended
 .text.tud_rhport_init
                0x1000540c       0xf4 CMakeFiles/03_adc.dir/C_/Repositories/pico/pico-sdk/lib/tinyusb/src/device/usbd.c.obj
                0x1000540c                tud_rhport_init
 .text.tud_task_ext
                0x10005500      0x800 CMakeFiles/03_adc.dir/C_/Repositories/pico/pico-sdk/lib/tinyusb/src/device/usbd.c.obj
                0x10005500                tud_task_ext
 .text.usbd_open_edpt_pair
                0x10005d00       0x9c CMakeFiles/03_adc.dir/C_/Repositories/pico/pico-sdk/lib/tinyusb/src/device/usbd.c.obj
                0x10005d00                usbd_open_edpt_pair
 .text.usbd_edpt_open
                0x10005d9c       0x34 CMakeFiles/03_adc.dir/C_/Repositories/pico/pico-sdk/lib/tinyusb/src/device/usbd.c.obj
                0x10005d9c                usbd_edpt_open
 .text.usbd_edpt_claim
                0x10005dd0       0x28 CMakeFiles/03_adc.dir/C_/Repositories/pico/pico-sdk/lib/tinyusb/src/device/usbd.c.obj
                0x10005dd0                usbd_edpt_claim
 .text.usbd_edpt_release
                0x10005df8       0x28 CMakeFiles/03_adc.dir/C_/Repositories/pico/pico-sdk/lib/tinyusb/src/device/usbd.c.obj
                0x10005df8                usbd_edpt_release
 .text.usbd_edpt_xfer
                0x10005e20       0x4c CMakeFiles/03_adc.dir/C_/Repositories/pico/pico-sdk/lib/tinyusb/src/device/usbd.c.obj
                0x10005e20                usbd_edpt_xfer
 .text.tud_control_status
                0x10005e6c       0x30 CMakeFiles/03_adc.dir/C_/Repositories/pico/pico-sdk/lib/tinyusb/src/device/usbd_control.c.obj
                0x10005e6c                tud_control_status
 .text.tud_control_xfer
                0x10005e9c       0xbc CMakeFiles/03_adc.dir/C_/Repositories/pico/pico-sdk/lib/tinyusb/src/device/usbd_control.c.obj
                0x10005e9c                tud_control_xfer
 .text.usbd_control_reset
                0x10005f58       0x14 CMakeFiles/03_adc.dir/C_/Repositories/pico/pico-sdk/lib/tinyusb/src/device/usbd_control.c.obj
                0x10005f58                usbd_control_reset
 .text.usbd_control_set_complete_callback
                0x10005f6c        0xc CMakeFiles/03_adc.dir/C_/Repositories/pico/pico-sdk/lib/tinyusb/src/device/usbd_control.c.obj
                0x10005f6c                usbd_control_set_complete_callback
 .text.usbd_control_set_request
                0x10005f78       0x1c CMakeFiles/03_adc.dir/C_/Repositories/pico/pico-sdk/lib/tinyusb/src/device/usbd_control.c.obj
                0x10005f78                usbd_control_set_request
 .text.usbd_control_xfer_cb
                0x10005f94       0xf0 CMakeFiles/03_adc.dir/C_/Repositories/pico/pico-sdk/lib/tinyusb/src/device/usbd_control.c.obj
                0x10005f94                usbd_control_xfer_cb
 .text._prep_out_transaction.isra.0
                0x10006084       0x6c CMakeFiles/03_adc.dir/C_/Repositories/pico/pico-sdk/lib/tinyusb/src/class/cdc/cdc_device.c.obj
 .text.tud_cdc_n_connected
                0x100060f0       0x2c CMakeFiles/03_adc.dir/C_/Repositories/pico/pico-sdk/lib/tinyusb/src/class/cdc/cdc_device.c.obj
                0x100060f0                tud_cdc_n_connected
 .text.tud_cdc_n_available
                0x1000611c       0x18 CMakeFiles/03_adc.dir/C_/Repositories/pico/pico-sdk/lib/tinyusb/src/class/cdc/cdc_device.c.obj
                0x1000611c                tud_cdc_n_available
 .text.tud_cdc_n_read
                0x10006134       0x94 CMakeFiles/03_adc.dir/C_/Repositories/pico/pico-sdk/lib/tinyusb/src/class/cdc/cdc_device.c.obj
                0x10006134                tud_cdc_n_read
 .text.tud_cdc_n_write_flush
                0x100061c8       0x78 CMakeFiles/03_adc.dir/C_/Repositories/pico/pico-sdk/lib/tinyusb/src/class/cdc/cdc_device.c.obj
                0x100061c8                tud_cdc_n_write_flush
 .text.tud_cdc_n_write
                0x10006240       0x44 CMakeFiles/03_adc.dir/C_/Repositories/pico/pico-sdk/lib/tinyusb/src/class/cdc/cdc_device.c.obj
                0x10006240                tud_cdc_n_write
 .text.tud_cdc_n_write_available
                0x10006284       0x18 CMakeFiles/03_adc.dir/C_/Repositories/pico/pico-sdk/lib/tinyusb/src/class/cdc/cdc_device.c.obj
                0x10006284                tud_cdc_n_write_available
 .text.cdcd_init
                0x1000629c       0x70 CMakeFiles/03_adc.dir/C_/Repositories/pico/pico-sdk/lib/tinyusb/src/class/cdc/cdc_device.c.obj
                0x1000629c                cdcd_init
 .text.cdcd_deinit
                0x1000630c       0x24 CMakeFiles/03_adc.dir/C_/Repositories/pico/pico-sdk/lib/tinyusb/src/class/cdc/cdc_device.c.obj
                0x1000630c                cdcd_deinit
 .text.cdcd_reset
                0x10006330       0x4c CMakeFiles/03_adc.dir/C_/Repositories/pico/pico-sdk/lib/tinyusb/src/class/cdc/cdc_device.c.obj
                0x10006330                cdcd_reset
 .text.cdcd_open
                0x1000637c       0xa8 CMakeFiles/03_adc.dir/C_/Repositories/pico/pico-sdk/lib/tinyusb/src/class/cdc/cdc_device.c.obj
                0x1000637c                cdcd_open
 .text.cdcd_control_xfer_cb
                0x10006424       0xe8 CMakeFiles/03_adc.dir/C_/Repositories/pico/pico-sdk/lib/tinyusb/src/class/cdc/cdc_device.c.obj
                0x10006424                cdcd_control_xfer_cb
 .text.cdcd_xfer_cb
                0x1000650c       0xfc CMakeFiles/03_adc.dir/C_/Repositories/pico/pico-sdk/lib/tinyusb/src/class/cdc/cdc_device.c.obj
                0x1000650c                cdcd_xfer_cb
 .text.vendord_init
                0x10006608       0x5c CMakeFiles/03_adc.dir/C_/Repositories/pico/pico-sdk/lib/tinyusb/src/class/vendor/vendor_device.c.obj
                0x10006608                vendord_init
 .text.vendord_deinit
                0x10006664       0x1c CMakeFiles/03_adc.dir/C_/Repositories/pico/pico-sdk/lib/tinyusb/src/class/vendor/vendor_device.c.obj
                0x10006664                vendord_deinit
 .text.vendord_reset
                0x10006680       0x28 CMakeFiles/03_adc.dir/C_/Repositories/pico/pico-sdk/lib/tinyusb/src/class/vendor/vendor_device.c.obj
                0x10006680                vendord_reset
 .text.vendord_open
                0x100066a8      0x128 CMakeFiles/03_adc.dir/C_/Repositories/pico/pico-sdk/lib/tinyusb/src/class/vendor/vendor_device.c.obj
                0x100066a8                vendord_open
 .text.vendord_xfer_cb
                0x100067d0       0x9c CMakeFiles/03_adc.dir/C_/Repositories/pico/pico-sdk/lib/tinyusb/src/class/vendor/vendor_device.c.obj
                0x100067d0                vendord_xfer_cb
 .text.tusb_rhport_init
                0x1000686c       0x48 CMakeFiles/03_adc.dir/C_/Repositories/pico/pico-sdk/lib/tinyusb/src/tusb.c.obj
                0x1000686c                tusb_rhport_init
 .text.tu_edpt_claim
                0x100068b4       0x50 CMakeFiles/03_adc.dir/C_/Repositories/pico/pico-sdk/lib/tinyusb/src/tusb.c.obj
                0x100068b4                tu_edpt_claim
 .text.tu_edpt_release
                0x10006904       0x38 CMakeFiles/03_adc.dir/C_/Repositories/pico/pico-sdk/lib/tinyusb/src/tusb.c.obj
                0x10006904                tu_edpt_release
 .text.tu_edpt_validate
                0x1000693c       0x78 CMakeFiles/03_adc.dir/C_/Repositories/pico/pico-sdk/lib/tinyusb/src/tusb.c.obj
                0x1000693c                tu_edpt_validate
 .text.tu_edpt_bind_driver
                0x100069b4       0x34 CMakeFiles/03_adc.dir/C_/Repositories/pico/pico-sdk/lib/tinyusb/src/tusb.c.obj
                0x100069b4                tu_edpt_bind_driver
 .text.tu_edpt_stream_init
                0x100069e8       0x6c CMakeFiles/03_adc.dir/C_/Repositories/pico/pico-sdk/lib/tinyusb/src/tusb.c.obj
                0x100069e8                tu_edpt_stream_init
 .text.tu_edpt_stream_deinit
                0x10006a54        0x4 CMakeFiles/03_adc.dir/C_/Repositories/pico/pico-sdk/lib/tinyusb/src/tusb.c.obj
                0x10006a54                tu_edpt_stream_deinit
 .text.tu_edpt_stream_write_zlp_if_needed
                0x10006a58       0x58 CMakeFiles/03_adc.dir/C_/Repositories/pico/pico-sdk/lib/tinyusb/src/tusb.c.obj
                0x10006a58                tu_edpt_stream_write_zlp_if_needed
 .text.tu_edpt_stream_write_xfer
                0x10006ab0       0x64 CMakeFiles/03_adc.dir/C_/Repositories/pico/pico-sdk/lib/tinyusb/src/tusb.c.obj
                0x10006ab0                tu_edpt_stream_write_xfer
 .text.tu_edpt_stream_read_xfer
                0x10006b14       0xdc CMakeFiles/03_adc.dir/C_/Repositories/pico/pico-sdk/lib/tinyusb/src/tusb.c.obj
                0x10006b14                tu_edpt_stream_read_xfer
 .text.tu_fifo_config
                0x10006bf0       0x70 CMakeFiles/03_adc.dir/C_/Repositories/pico/pico-sdk/lib/tinyusb/src/common/tusb_fifo.c.obj
                0x10006bf0                tu_fifo_config
 .text.tu_fifo_count
                0x10006c60       0x2c CMakeFiles/03_adc.dir/C_/Repositories/pico/pico-sdk/lib/tinyusb/src/common/tusb_fifo.c.obj
                0x10006c60                tu_fifo_count
 .text.tu_fifo_empty
                0x10006c8c       0x10 CMakeFiles/03_adc.dir/C_/Repositories/pico/pico-sdk/lib/tinyusb/src/common/tusb_fifo.c.obj
                0x10006c8c                tu_fifo_empty
 .text.tu_fifo_remaining
                0x10006c9c       0x2c CMakeFiles/03_adc.dir/C_/Repositories/pico/pico-sdk/lib/tinyusb/src/common/tusb_fifo.c.obj
                0x10006c9c                tu_fifo_remaining
 .text.tu_fifo_read
                0x10006cc8       0xa0 CMakeFiles/03_adc.dir/C_/Repositories/pico/pico-sdk/lib/tinyusb/src/common/tusb_fifo.c.obj
                0x10006cc8                tu_fifo_read
 .text.tu_fifo_read_n
                0x10006d68       0xec CMakeFiles/03_adc.dir/C_/Repositories/pico/pico-sdk/lib/tinyusb/src/common/tusb_fifo.c.obj
                0x10006d68                tu_fifo_read_n
 .text.tu_fifo_write
                0x10006e54       0x88 CMakeFiles/03_adc.dir/C_/Repositories/pico/pico-sdk/lib/tinyusb/src/common/tusb_fifo.c.obj
                0x10006e54                tu_fifo_write
 .text.tu_fifo_write_n
                0x10006edc      0x168 CMakeFiles/03_adc.dir/C_/Repositories/pico/pico-sdk/lib/tinyusb/src/common/tusb_fifo.c.obj
                0x10006edc                tu_fifo_write_n
 .text.tu_fifo_clear
                0x10007044       0x40 CMakeFiles/03_adc.dir/C_/Repositories/pico/pico-sdk/lib/tinyusb/src/common/tusb_fifo.c.obj
                0x10007044                tu_fifo_clear
 .text.tu_fifo_set_overwritable
                0x10007084       0x48 CMakeFiles/03_adc.dir/C_/Repositories/pico/pico-sdk/lib/tinyusb/src/common/tusb_fifo.c.obj
                0x10007084                tu_fifo_set_overwritable
 .text.adc_init
                0x100070cc       0x38 CMakeFiles/03_adc.dir/C_/Repositories/pico/pico-sdk/src/rp2_common/hardware_adc/adc.c.obj
                0x100070cc                adc_init
 .text._calloc_r
                0x10007104       0x9c c:/program files (x86)/gnu arm embedded toolchain/10 2021.10/bin/../lib/gcc/arm-none-eabi/10.3.1/../../../../arm-none-eabi/lib/thumb/v6-m/nofp\libg.a(lib_a-callocr.o)
                0x10007104                _calloc_r
 .text.__errno  0x100071a0        0xc c:/program files (x86)/gnu arm embedded toolchain/10 2021.10/bin/../lib/gcc/arm-none-eabi/10.3.1/../../../../arm-none-eabi/lib/thumb/v6-m/nofp\libg.a(lib_a-errno.o)
                0x100071a0                __errno
 .text.malloc   0x100071ac       0x14 c:/program files (x86)/gnu arm embedded toolchain/10 2021.10/bin/../lib/gcc/arm-none-eabi/10.3.1/../../../../arm-none-eabi/lib/thumb/v6-m/nofp\libg.a(lib_a-malloc.o)
                0x100071ac                malloc
 .text.free     0x100071c0       0x14 c:/program files (x86)/gnu arm embedded toolchain/10 2021.10/bin/../lib/gcc/arm-none-eabi/10.3.1/../../../../arm-none-eabi/lib/thumb/v6-m/nofp\libg.a(lib_a-malloc.o)
                0x100071c0                free
 .text._malloc_r
                0x100071d4      0x584 c:/program files (x86)/gnu arm embedded toolchain/10 2021.10/bin/../lib/gcc/arm-none-eabi/10.3.1/../../../../arm-none-eabi/lib/thumb/v6-m/nofp\libg.a(lib_a-mallocr.o)
                0x100071d4                _malloc_r
 .text.__malloc_lock
                0x10007758       0x10 c:/program files (x86)/gnu arm embedded toolchain/10 2021.10/bin/../lib/gcc/arm-none-eabi/10.3.1/../../../../arm-none-eabi/lib/thumb/v6-m/nofp\libg.a(lib_a-mlock.o)
                0x10007758                __malloc_lock
 .text.__malloc_unlock
                0x10007768       0x10 c:/program files (x86)/gnu arm embedded toolchain/10 2021.10/bin/../lib/gcc/arm-none-eabi/10.3.1/../../../../arm-none-eabi/lib/thumb/v6-m/nofp\libg.a(lib_a-mlock.o)
                0x10007768                __malloc_unlock
 .text.realloc  0x10007778       0x18 c:/program files (x86)/gnu arm embedded toolchain/10 2021.10/bin/../lib/gcc/arm-none-eabi/10.3.1/../../../../arm-none-eabi/lib/thumb/v6-m/nofp\libg.a(lib_a-realloc.o)
                0x10007778                realloc
 .text._realloc_r
                0x10007790      0x354 c:/program files (x86)/gnu arm embedded toolchain/10 2021.10/bin/../lib/gcc/arm-none-eabi/10.3.1/../../../../arm-none-eabi/lib/thumb/v6-m/nofp\libg.a(lib_a-reallocr.o)
                0x10007790                _realloc_r
 .text._sbrk_r  0x10007ae4       0x24 c:/program files (x86)/gnu arm embedded toolchain/10 2021.10/bin/../lib/gcc/arm-none-eabi/10.3.1/../../../../arm-none-eabi/lib/thumb/v6-m/nofp\libg.a(lib_a-sbrkr.o)
                0x10007ae4                _sbrk_r
 .text.sscanf   0x10007b08       0x50 c:/program files (x86)/gnu arm embedded toolchain/10 2021.10/bin/../lib/gcc/arm-none-eabi/10.3.1/../../../../arm-none-eabi/lib/thumb/v6-m/nofp\libg.a(lib_a-sscanf.o)
                0x10007b08                sscanf
 .text.__seofread
                0x10007b58        0x4 c:/program files (x86)/gnu arm embedded toolchain/10 2021.10/bin/../lib/gcc/arm-none-eabi/10.3.1/../../../../arm-none-eabi/lib/thumb/v6-m/nofp\libg.a(lib_a-stdio.o)
                0x10007b58                __seofread
 .text.strchr   0x10007b5c       0xc0 c:/program files (x86)/gnu arm embedded toolchain/10 2021.10/bin/../lib/gcc/arm-none-eabi/10.3.1/../../../../arm-none-eabi/lib/thumb/v6-m/nofp\libg.a(lib_a-strchr.o)
                0x10007b5c                strchr
 .text          0x10007c1c       0x88 c:/program files (x86)/gnu arm embedded toolchain/10 2021.10/bin/../lib/gcc/arm-none-eabi/10.3.1/../../../../arm-none-eabi/lib/thumb/v6-m/nofp\libg.a(lib_a-strcmp.o)
                0x10007c1c                strcmp
 .text.strlen   0x10007ca4       0x5c c:/program files (x86)/gnu arm embedded toolchain/10 2021.10/bin/../lib/gcc/arm-none-eabi/10.3.1/../../../../arm-none-eabi/lib/thumb/v6-m/nofp\libg.a(lib_a-strlen-stub.o)
                0x10007ca4                strlen
 .text.__ssvfscanf_r
                0x10007d00     0x17a0 c:/program files (x86)/gnu arm embedded toolchain/10 2021.10/bin/../lib/gcc/arm-none-eabi/10.3.1/../../../../arm-none-eabi/lib/thumb/v6-m/nofp\libg.a(lib_a-svfscanf.o)
                0x10007d00                __ssvfscanf_r
 .text._malloc_trim_r
                0x100094a0       0x9c c:/program files (x86)/gnu arm embedded toolchain/10 2021.10/bin/../lib/gcc/arm-none-eabi/10.3.1/../../../../arm-none-eabi/lib/thumb/v6-m/nofp\libg.a(lib_a-freer.o)
                0x100094a0                _malloc_trim_r
 .text._free_r  0x1000953c      0x1c4 c:/program files (x86)/gnu arm embedded toolchain/10 2021.10/bin/../lib/gcc/arm-none-eabi/10.3.1/../../../../arm-none-eabi/lib/thumb/v6-m/nofp\libg.a(lib_a-freer.o)
                0x1000953c                _free_r
 .text.iswspace
                0x10009700        0xc c:/program files (x86)/gnu arm embedded toolchain/10 2021.10/bin/../lib/gcc/arm-none-eabi/10.3.1/../../../../arm-none-eabi/lib/thumb/v6-m/nofp\libg.a(lib_a-iswspace.o)
                0x10009700                iswspace
 .text.iswspace_l
                0x1000970c       0x18 c:/program files (x86)/gnu arm embedded toolchain/10 2021.10/bin/../lib/gcc/arm-none-eabi/10.3.1/../../../../arm-none-eabi/lib/thumb/v6-m/nofp\libg.a(lib_a-iswspace_l.o)
                0x1000970c                iswspace_l
 .text.__locale_mb_cur_max
                0x10009724       0x10 c:/program files (x86)/gnu arm embedded toolchain/10 2021.10/bin/../lib/gcc/arm-none-eabi/10.3.1/../../../../arm-none-eabi/lib/thumb/v6-m/nofp\libg.a(lib_a-locale.o)
                0x10009724                __locale_mb_cur_max
 .text._localeconv_r
                0x10009734        0x8 c:/program files (x86)/gnu arm embedded toolchain/10 2021.10/bin/../lib/gcc/arm-none-eabi/10.3.1/../../../../arm-none-eabi/lib/thumb/v6-m/nofp\libg.a(lib_a-localeconv.o)
                0x10009734                _localeconv_r
 .text.__retarget_lock_acquire_recursive
                0x1000973c        0x4 c:/program files (x86)/gnu arm embedded toolchain/10 2021.10/bin/../lib/gcc/arm-none-eabi/10.3.1/../../../../arm-none-eabi/lib/thumb/v6-m/nofp\libg.a(lib_a-lock.o)
                0x1000973c                __retarget_lock_acquire_recursive
 .text.__retarget_lock_release_recursive
                0x10009740        0x4 c:/program files (x86)/gnu arm embedded toolchain/10 2021.10/bin/../lib/gcc/arm-none-eabi/10.3.1/../../../../arm-none-eabi/lib/thumb/v6-m/nofp\libg.a(lib_a-lock.o)
                0x10009740                __retarget_lock_release_recursive
 .text._mbrtowc_r
                0x10009744       0x4c c:/program files (x86)/gnu arm embedded toolchain/10 2021.10/bin/../lib/gcc/arm-none-eabi/10.3.1/../../../../arm-none-eabi/lib/thumb/v6-m/nofp\libg.a(lib_a-mbrtowc.o)
                0x10009744                _mbrtowc_r
 .text.__ascii_mbtowc
                0x10009790       0x2c c:/program files (x86)/gnu arm embedded toolchain/10 2021.10/bin/../lib/gcc/arm-none-eabi/10.3.1/../../../../arm-none-eabi/lib/thumb/v6-m/nofp\libg.a(lib_a-mbtowc_r.o)
                0x10009790                __ascii_mbtowc
 .text.memmove  0x100097bc       0xac c:/program files (x86)/gnu arm embedded toolchain/10 2021.10/bin/../lib/gcc/arm-none-eabi/10.3.1/../../../../arm-none-eabi/lib/thumb/v6-m/nofp\libg.a(lib_a-memmove.o)
                0x100097bc                memmove
 .text.__sccl   0x10009868       0x80 c:/program files (x86)/gnu arm embedded toolchain/10 2021.10/bin/../lib/gcc/arm-none-eabi/10.3.1/../../../../arm-none-eabi/lib/thumb/v6-m/nofp\libg.a(lib_a-sccl.o)
                0x10009868                __sccl
 .text.nanf     0x100098e8        0x8 c:/program files (x86)/gnu arm embedded toolchain/10 2021.10/bin/../lib/gcc/arm-none-eabi/10.3.1/../../../../arm-none-eabi/lib/thumb/v6-m/nofp\libg.a(lib_a-sf_nan.o)
                0x100098e8                nanf
 .text.strncmp  0x100098f0       0x74 c:/program files (x86)/gnu arm embedded toolchain/10 2021.10/bin/../lib/gcc/arm-none-eabi/10.3.1/../../../../arm-none-eabi/lib/thumb/v6-m/nofp\libg.a(lib_a-strncmp.o)
                0x100098f0                strncmp
 .text._strtod_l
                0x10009964      0xf78 c:/program files (x86)/gnu arm embedded toolchain/10 2021.10/bin/../lib/gcc/arm-none-eabi/10.3.1/../../../../arm-none-eabi/lib/thumb/v6-m/nofp\libg.a(lib_a-strtod.o)
                0x10009964                _strtod_l
 .text._strtod_r
                0x1000a8dc       0x10 c:/program files (x86)/gnu arm embedded toolchain/10 2021.10/bin/../lib/gcc/arm-none-eabi/10.3.1/../../../../arm-none-eabi/lib/thumb/v6-m/nofp\libg.a(lib_a-strtod.o)
                0x1000a8dc                _strtod_r
 .text._strtol_l.part.0
                0x1000a8ec      0x144 c:/program files (x86)/gnu arm embedded toolchain/10 2021.10/bin/../lib/gcc/arm-none-eabi/10.3.1/../../../../arm-none-eabi/lib/thumb/v6-m/nofp\libg.a(lib_a-strtol.o)
 .text._strtol_r
                0x1000aa30       0x1c c:/program files (x86)/gnu arm embedded toolchain/10 2021.10/bin/../lib/gcc/arm-none-eabi/10.3.1/../../../../arm-none-eabi/lib/thumb/v6-m/nofp\libg.a(lib_a-strtol.o)
                0x1000aa30                _strtol_r
 .text._strtoll_l.constprop.0
                0x1000aa4c      0x198 c:/program files (x86)/gnu arm embedded toolchain/10 2021.10/bin/../lib/gcc/arm-none-eabi/10.3.1/../../../../arm-none-eabi/lib/thumb/v6-m/nofp\libg.a(lib_a-strtoll.o)
 .text._strtoll_r
                0x1000abe4        0x8 c:/program files (x86)/gnu arm embedded toolchain/10 2021.10/bin/../lib/gcc/arm-none-eabi/10.3.1/../../../../arm-none-eabi/lib/thumb/v6-m/nofp\libg.a(lib_a-strtoll.o)
                0x1000abe4                _strtoll_r
 .text._strtoul_l.constprop.0
                0x1000abec      0x148 c:/program files (x86)/gnu arm embedded toolchain/10 2021.10/bin/../lib/gcc/arm-none-eabi/10.3.1/../../../../arm-none-eabi/lib/thumb/v6-m/nofp\libg.a(lib_a-strtoul.o)
 .text._strtoul_r
                0x1000ad34        0x8 c:/program files (x86)/gnu arm embedded toolchain/10 2021.10/bin/../lib/gcc/arm-none-eabi/10.3.1/../../../../arm-none-eabi/lib/thumb/v6-m/nofp\libg.a(lib_a-strtoul.o)
                0x1000ad34                _strtoul_r
 .text._strtoull_l.constprop.0
                0x1000ad3c      0x1bc c:/program files (x86)/gnu arm embedded toolchain/10 2021.10/bin/../lib/gcc/arm-none-eabi/10.3.1/../../../../arm-none-eabi/lib/thumb/v6-m/nofp\libg.a(lib_a-strtoull.o)
 .text._strtoull_r
                0x1000aef8        0x8 c:/program files (x86)/gnu arm embedded toolchain/10 2021.10/bin/../lib/gcc/arm-none-eabi/10.3.1/../../../../arm-none-eabi/lib/thumb/v6-m/nofp\libg.a(lib_a-strtoull.o)
                0x1000aef8                _strtoull_r
 .text._sungetc_r
                0x1000af00       0x84 c:/program files (x86)/gnu arm embedded toolchain/10 2021.10/bin/../lib/gcc/arm-none-eabi/10.3.1/../../../../arm-none-eabi/lib/thumb/v6-m/nofp\libg.a(lib_a-svfiscanf.o)
                0x1000af00                _sungetc_r
 .text.__ssrefill_r
                0x1000af84       0x40 c:/program files (x86)/gnu arm embedded toolchain/10 2021.10/bin/../lib/gcc/arm-none-eabi/10.3.1/../../../../arm-none-eabi/lib/thumb/v6-m/nofp\libg.a(lib_a-svfiscanf.o)
                0x1000af84                __ssrefill_r
 .text._sfread_r
                0x1000afc4       0xc4 c:/program files (x86)/gnu arm embedded toolchain/10 2021.10/bin/../lib/gcc/arm-none-eabi/10.3.1/../../../../arm-none-eabi/lib/thumb/v6-m/nofp\libg.a(lib_a-svfiscanf.o)
                0x1000afc4                _sfread_r
 .text.__submore
                0x1000b088       0x84 c:/program files (x86)/gnu arm embedded toolchain/10 2021.10/bin/../lib/gcc/arm-none-eabi/10.3.1/../../../../arm-none-eabi/lib/thumb/v6-m/nofp\libg.a(lib_a-ungetc.o)
                0x1000b088                __submore
 .text.__ascii_wctomb
                0x1000b10c       0x1c c:/program files (x86)/gnu arm embedded toolchain/10 2021.10/bin/../lib/gcc/arm-none-eabi/10.3.1/../../../../arm-none-eabi/lib/thumb/v6-m/nofp\libg.a(lib_a-wctomb_r.o)
                0x1000b10c                __ascii_wctomb
 .text.rshift   0x1000b128       0xa4 c:/program files (x86)/gnu arm embedded toolchain/10 2021.10/bin/../lib/gcc/arm-none-eabi/10.3.1/../../../../arm-none-eabi/lib/thumb/v6-m/nofp\libg.a(lib_a-gdtoa-gethex.o)
 .text.__gethex
                0x1000b1cc      0x5cc c:/program files (x86)/gnu arm embedded toolchain/10 2021.10/bin/../lib/gcc/arm-none-eabi/10.3.1/../../../../arm-none-eabi/lib/thumb/v6-m/nofp\libg.a(lib_a-gdtoa-gethex.o)
                0x1000b1cc                __gethex
 .text.__match  0x1000b798       0x2c c:/program files (x86)/gnu arm embedded toolchain/10 2021.10/bin/../lib/gcc/arm-none-eabi/10.3.1/../../../../arm-none-eabi/lib/thumb/v6-m/nofp\libg.a(lib_a-gdtoa-hexnan.o)
                0x1000b798                __match
 .text.__hexnan
                0x1000b7c4      0x1d0 c:/program files (x86)/gnu arm embedded toolchain/10 2021.10/bin/../lib/gcc/arm-none-eabi/10.3.1/../../../../arm-none-eabi/lib/thumb/v6-m/nofp\libg.a(lib_a-gdtoa-hexnan.o)
                0x1000b7c4                __hexnan
 .text._Balloc  0x1000b994       0x50 c:/program files (x86)/gnu arm embedded toolchain/10 2021.10/bin/../lib/gcc/arm-none-eabi/10.3.1/../../../../arm-none-eabi/lib/thumb/v6-m/nofp\libg.a(lib_a-mprec.o)
                0x1000b994                _Balloc
 .text._Bfree   0x1000b9e4       0x14 c:/program files (x86)/gnu arm embedded toolchain/10 2021.10/bin/../lib/gcc/arm-none-eabi/10.3.1/../../../../arm-none-eabi/lib/thumb/v6-m/nofp\libg.a(lib_a-mprec.o)
                0x1000b9e4                _Bfree
 .text.__multadd
                0x1000b9f8       0xa8 c:/program files (x86)/gnu arm embedded toolchain/10 2021.10/bin/../lib/gcc/arm-none-eabi/10.3.1/../../../../arm-none-eabi/lib/thumb/v6-m/nofp\libg.a(lib_a-mprec.o)
                0x1000b9f8                __multadd
 .text.__s2b    0x1000baa0       0xb0 c:/program files (x86)/gnu arm embedded toolchain/10 2021.10/bin/../lib/gcc/arm-none-eabi/10.3.1/../../../../arm-none-eabi/lib/thumb/v6-m/nofp\libg.a(lib_a-mprec.o)
                0x1000baa0                __s2b
 .text.__hi0bits
                0x1000bb50       0x38 c:/program files (x86)/gnu arm embedded toolchain/10 2021.10/bin/../lib/gcc/arm-none-eabi/10.3.1/../../../../arm-none-eabi/lib/thumb/v6-m/nofp\libg.a(lib_a-mprec.o)
                0x1000bb50                __hi0bits
 .text.__lo0bits
                0x1000bb88       0x5c c:/program files (x86)/gnu arm embedded toolchain/10 2021.10/bin/../lib/gcc/arm-none-eabi/10.3.1/../../../../arm-none-eabi/lib/thumb/v6-m/nofp\libg.a(lib_a-mprec.o)
                0x1000bb88                __lo0bits
 .text.__i2b    0x1000bbe4       0x60 c:/program files (x86)/gnu arm embedded toolchain/10 2021.10/bin/../lib/gcc/arm-none-eabi/10.3.1/../../../../arm-none-eabi/lib/thumb/v6-m/nofp\libg.a(lib_a-mprec.o)
                0x1000bbe4                __i2b
 .text.__multiply
                0x1000bc44      0x1a4 c:/program files (x86)/gnu arm embedded toolchain/10 2021.10/bin/../lib/gcc/arm-none-eabi/10.3.1/../../../../arm-none-eabi/lib/thumb/v6-m/nofp\libg.a(lib_a-mprec.o)
                0x1000bc44                __multiply
 .text.__pow5mult
                0x1000bde8       0xd8 c:/program files (x86)/gnu arm embedded toolchain/10 2021.10/bin/../lib/gcc/arm-none-eabi/10.3.1/../../../../arm-none-eabi/lib/thumb/v6-m/nofp\libg.a(lib_a-mprec.o)
                0x1000bde8                __pow5mult
 .text.__lshift
                0x1000bec0       0xfc c:/program files (x86)/gnu arm embedded toolchain/10 2021.10/bin/../lib/gcc/arm-none-eabi/10.3.1/../../../../arm-none-eabi/lib/thumb/v6-m/nofp\libg.a(lib_a-mprec.o)
                0x1000bec0                __lshift
 .text.__mcmp   0x1000bfbc       0x34 c:/program files (x86)/gnu arm embedded toolchain/10 2021.10/bin/../lib/gcc/arm-none-eabi/10.3.1/../../../../arm-none-eabi/lib/thumb/v6-m/nofp\libg.a(lib_a-mprec.o)
                0x1000bfbc                __mcmp
 .text.__mdiff  0x1000bff0      0x18c c:/program files (x86)/gnu arm embedded toolchain/10 2021.10/bin/../lib/gcc/arm-none-eabi/10.3.1/../../../../arm-none-eabi/lib/thumb/v6-m/nofp\libg.a(lib_a-mprec.o)
                0x1000bff0                __mdiff
 .text.__ulp    0x1000c17c       0x48 c:/program files (x86)/gnu arm embedded toolchain/10 2021.10/bin/../lib/gcc/arm-none-eabi/10.3.1/../../../../arm-none-eabi/lib/thumb/v6-m/nofp\libg.a(lib_a-mprec.o)
                0x1000c17c                __ulp
 .text.__b2d    0x1000c1c4       0xc8 c:/program files (x86)/gnu arm embedded toolchain/10 2021.10/bin/../lib/gcc/arm-none-eabi/10.3.1/../../../../arm-none-eabi/lib/thumb/v6-m/nofp\libg.a(lib_a-mprec.o)
                0x1000c1c4                __b2d
 .text.__d2b    0x1000c28c       0xd8 c:/program files (x86)/gnu arm embedded toolchain/10 2021.10/bin/../lib/gcc/arm-none-eabi/10.3.1/../../../../arm-none-eabi/lib/thumb/v6-m/nofp\libg.a(lib_a-mprec.o)
                0x1000c28c                __d2b
 .text.__ratio  0x1000c364       0x68 c:/program files (x86)/gnu arm embedded toolchain/10 2021.10/bin/../lib/gcc/arm-none-eabi/10.3.1/../../../../arm-none-eabi/lib/thumb/v6-m/nofp\libg.a(lib_a-mprec.o)
                0x1000c364                __ratio
 .text.__copybits
                0x1000c3cc       0x40 c:/program files (x86)/gnu arm embedded toolchain/10 2021.10/bin/../lib/gcc/arm-none-eabi/10.3.1/../../../../arm-none-eabi/lib/thumb/v6-m/nofp\libg.a(lib_a-mprec.o)
                0x1000c3cc                __copybits
 .text.__any_on
                0x1000c40c       0x50 c:/program files (x86)/gnu arm embedded toolchain/10 2021.10/bin/../lib/gcc/arm-none-eabi/10.3.1/../../../../arm-none-eabi/lib/thumb/v6-m/nofp\libg.a(lib_a-mprec.o)
                0x1000c40c                __any_on
 .text.nan      0x1000c45c        0xc c:/program files (x86)/gnu arm embedded toolchain/10 2021.10/bin/../lib/gcc/arm-none-eabi/10.3.1/../../../../arm-none-eabi/lib/thumb/v6-m/nofp\libg.a(lib_a-s_nan.o)
                0x1000c45c                nan
 *(.fini)
 .fini          0x1000c468        0x4 c:/program files (x86)/gnu arm embedded toolchain/10 2021.10/bin/../lib/gcc/arm-none-eabi/10.3.1/thumb/v6-m/nofp/crti.o
                0x1000c468                _fini
 *fill*         0x1000c46c        0x4 
 .fini.__stub   0x1000c470       0xd0 linker stubs
 *crtbegin.o(.ctors)
 *crtbegin?.o(.ctors)
 *(EXCLUDE_FILE(*crtend.o *crtend?.o) .ctors)
 *(SORT_BY_NAME(.ctors.*))
 *(.ctors)
 *crtbegin.o(.dtors)
 *crtbegin?.o(.dtors)
 *(EXCLUDE_FILE(*crtend.o *crtend?.o) .dtors)
 *(SORT_BY_NAME(.dtors.*))
 *(.dtors)
                0x1000c540                . = ALIGN (0x4)
                0x1000c540                PROVIDE (__preinit_array_start = .)
 *(SORT_BY_NAME(.preinit_array.*))
 .preinit_array.00100
                0x1000c540        0x4 CMakeFiles/03_adc.dir/C_/Repositories/pico/pico-sdk/src/rp2_common/pico_runtime_init/runtime_init.c.obj
                0x1000c540                __pre_init_runtime_init_early_resets
 .preinit_array.00101
                0x1000c544        0x4 CMakeFiles/03_adc.dir/C_/Repositories/pico/pico-sdk/src/rp2_common/pico_runtime_init/runtime_init.c.obj
                0x1000c544                __pre_init_runtime_init_usb_power_down
 .preinit_array.00275
                0x1000c548        0x4 CMakeFiles/03_adc.dir/C_/Repositories/pico/pico-sdk/src/rp2_common/pico_bit_ops/bit_ops_aeabi.S.obj
 .preinit_array.00300
                0x1000c54c        0x4 CMakeFiles/03_adc.dir/C_/Repositories/pico/pico-sdk/src/rp2_common/pico_mem_ops/mem_ops_aeabi.S.obj
 .preinit_array.00350
                0x1000c550        0x4 CMakeFiles/03_adc.dir/C_/Repositories/pico/pico-sdk/src/rp2_common/pico_double/double_aeabi_rp2040.S.obj
 .preinit_array.00350
                0x1000c554        0x4 CMakeFiles/03_adc.dir/C_/Repositories/pico/pico-sdk/src/rp2_common/pico_float/float_aeabi_rp2040.S.obj
 .preinit_array.00500
                0x1000c558        0x4 CMakeFiles/03_adc.dir/C_/Repositories/pico/pico-sdk/src/rp2_common/pico_runtime_init/runtime_init.c.obj
                0x1000c558                __pre_init_runtime_init_clocks
 .preinit_array.00600
                0x1000c55c        0x4 CMakeFiles/03_adc.dir/C_/Repositories/pico/pico-sdk/src/rp2_common/pico_runtime_init/runtime_init.c.obj
                0x1000c55c                __pre_init_runtime_init_post_clock_resets
 .preinit_array.00700
                0x1000c560        0x4 CMakeFiles/03_adc.dir/C_/Repositories/pico/pico-sdk/src/rp2_common/pico_runtime_init/runtime_init.c.obj
                0x1000c560                __pre_init_runtime_init_rp2040_gpio_ie_disable
 .preinit_array.01000
                0x1000c564        0x4 CMakeFiles/03_adc.dir/C_/Repositories/pico/pico-sdk/src/rp2_common/pico_runtime_init/runtime_init.c.obj
                0x1000c564                __pre_init_runtime_init_spin_locks_reset
 .preinit_array.01100
                0x1000c568        0x4 CMakeFiles/03_adc.dir/C_/Repositories/pico/pico-sdk/src/common/pico_sync/mutex.c.obj
                0x1000c568                __pre_init_runtime_init_mutex
 .preinit_array.10080
                0x1000c56c        0x4 CMakeFiles/03_adc.dir/C_/Repositories/pico/pico-sdk/src/rp2_common/pico_runtime_init/runtime_init.c.obj
                0x1000c56c                __pre_init_runtime_init_install_ram_vector_table
 .preinit_array.11000
                0x1000c570        0x4 CMakeFiles/03_adc.dir/C_/Repositories/pico/pico-sdk/src/common/pico_time/time.c.obj
                0x1000c570                __pre_init_runtime_init_default_alarm_pool
 .preinit_array.YYYYY
                0x1000c574        0x4 CMakeFiles/03_adc.dir/C_/Repositories/pico/pico-sdk/src/rp2_common/pico_runtime/runtime.c.obj
                0x1000c574                __pre_init_first_per_core_initializer
 .preinit_array.ZZZZZ.01200
                0x1000c578        0x4 CMakeFiles/03_adc.dir/C_/Repositories/pico/pico-sdk/src/rp2_common/hardware_irq/irq.c.obj
                0x1000c578                __pre_init_runtime_init_per_core_irq_priorities
 *(.preinit_array)
                0x1000c57c                PROVIDE (__preinit_array_end = .)
                0x1000c57c                . = ALIGN (0x4)
                0x1000c57c                PROVIDE (__init_array_start = .)
 *(SORT_BY_NAME(.init_array.*))
 .init_array.01000
                0x1000c57c        0x4 CMakeFiles/03_adc.dir/C_/Repositories/pico/pico-sdk/src/rp2_common/pico_unique_id/unique_id.c.obj
 *(.init_array)
 .init_array    0x1000c580        0x4 c:/program files (x86)/gnu arm embedded toolchain/10 2021.10/bin/../lib/gcc/arm-none-eabi/10.3.1/thumb/v6-m/nofp/crtbegin.o
                0x1000c584                PROVIDE (__init_array_end = .)
                0x1000c584                . = ALIGN (0x4)
                [!provide]                PROVIDE (__fini_array_start = .)
 *(SORT_BY_NAME(.fini_array.*))
 *(.fini_array)
                [!provide]                PROVIDE (__fini_array_end = .)
 *(.eh_frame*)
 .eh_frame      0x1000c584        0x0 c:/program files (x86)/gnu arm embedded toolchain/10 2021.10/bin/../lib/gcc/arm-none-eabi/10.3.1/thumb/v6-m/nofp/crtbegin.o
                0x1000c584                . = ALIGN (0x4)

.glue_7         0x1000c584        0x0
 .glue_7        0x1000c584        0x0 linker stubs

.glue_7t        0x1000c584        0x0
 .glue_7t       0x1000c584        0x0 linker stubs

.vfp11_veneer   0x1000c584        0x0
 .vfp11_veneer  0x1000c584        0x0 linker stubs

.v4_bx          0x1000c584        0x0
 .v4_bx         0x1000c584        0x0 linker stubs

.iplt           0x1000c584        0x0
 .iplt          0x1000c584        0x0 c:/program files (x86)/gnu arm embedded toolchain/10 2021.10/bin/../lib/gcc/arm-none-eabi/10.3.1/thumb/v6-m/nofp/crtbegin.o

.rodata         0x1000c588     0x143c
 *(EXCLUDE_FILE(*libm.a: *libc.a:*lib_a-mem*.o *libgcc.a:) .rodata*)
 .rodata.version_callback.str1.4
                0x1000c588       0x41 CMakeFiles/03_adc.dir/main.c.obj
 *fill*         0x1000c5c9        0x3 
 .rodata.led_on_callback.str1.4
                0x1000c5cc        0xe CMakeFiles/03_adc.dir/main.c.obj
 *fill*         0x1000c5da        0x2 
 .rodata.led_off_callback.str1.4
                0x1000c5dc        0xf CMakeFiles/03_adc.dir/main.c.obj
 *fill*         0x1000c5eb        0x1 
 .rodata.led_blink_callback.str1.4
                0x1000c5ec       0x15 CMakeFiles/03_adc.dir/main.c.obj
 *fill*         0x1000c601        0x3 
 .rodata.mem_callback.str1.4
                0x1000c604       0x53 CMakeFiles/03_adc.dir/main.c.obj
 *fill*         0x1000c657        0x1 
 .rodata.wmem_callback.str1.4
                0x1000c658       0x5f CMakeFiles/03_adc.dir/main.c.obj
 *fill*         0x1000c6b7        0x1 
 .rodata.led_blink_set_period_ms_callback.str1.4
                0x1000c6b8       0x63 CMakeFiles/03_adc.dir/main.c.obj
 *fill*         0x1000c71b        0x1 
 .rodata.help_callback.str1.4
                0x1000c71c       0x38 CMakeFiles/03_adc.dir/main.c.obj
 .rodata.adc_callback.str1.4
                0x1000c754        0x4 CMakeFiles/03_adc.dir/main.c.obj
 .rodata.tm_start_callback.str1.4
                0x1000c758       0x12 CMakeFiles/03_adc.dir/main.c.obj
 *fill*         0x1000c76a        0x2 
 .rodata.tm_stop_callback.str1.4
                0x1000c76c       0x12 CMakeFiles/03_adc.dir/main.c.obj
 *fill*         0x1000c77e        0x2 
 .rodata.str1.4
                0x1000c780      0x1b7 CMakeFiles/03_adc.dir/main.c.obj
 *fill*         0x1000c937        0x1 
 .rodata.stdio_task_handle.str1.4
                0x1000c938       0x17 CMakeFiles/03_adc.dir/stdio-task/stdio-task.c.obj
 *fill*         0x1000c94f        0x1 
 .rodata.protocol_task_init.str1.4
                0x1000c950       0x32 CMakeFiles/03_adc.dir/protocol-task/protocol-task.c.obj
 *fill*         0x1000c982        0x2 
 .rodata.protocol_task_handle.str1.4
                0x1000c984       0x39 CMakeFiles/03_adc.dir/protocol-task/protocol-task.c.obj
                                 0x3d (size before relaxing)
 *fill*         0x1000c9bd        0x3 
 .rodata.adc_task_handle.str1.4
                0x1000c9c0        0x7 CMakeFiles/03_adc.dir/adc-task/adc-task.c.obj
 *fill*         0x1000c9c7        0x1 
 .rodata.panic.str1.4
                0x1000c9c8       0x10 CMakeFiles/03_adc.dir/C_/Repositories/pico/pico-sdk/src/rp2_common/pico_platform_panic/panic.c.obj
                                 0x12 (size before relaxing)
 .rodata.spin_lock_claim_unused.str1.4
                0x1000c9d8       0x1b CMakeFiles/03_adc.dir/C_/Repositories/pico/pico-sdk/src/rp2_common/hardware_sync/sync.c.obj
 *fill*         0x1000c9f3        0x1 
 .rodata.user_irq_claim_unused.str1.4
                0x1000c9f4       0x1b CMakeFiles/03_adc.dir/C_/Repositories/pico/pico-sdk/src/rp2_common/hardware_irq/irq.c.obj
 *fill*         0x1000ca0f        0x1 
 .rodata.timer_hardware_alarm_claim.str1.4
                0x1000ca10       0x22 CMakeFiles/03_adc.dir/C_/Repositories/pico/pico-sdk/src/rp2_common/hardware_timer/timer.c.obj
 *fill*         0x1000ca32        0x2 
 .rodata.hard_assertion_failure.str1.4
                0x1000ca34        0xc CMakeFiles/03_adc.dir/C_/Repositories/pico/pico-sdk/src/rp2_common/pico_runtime/runtime.c.obj
 .rodata.__wrap_malloc.str1.4
                0x1000ca40        0xe CMakeFiles/03_adc.dir/C_/Repositories/pico/pico-sdk/src/rp2_common/pico_malloc/malloc.c.obj
 *fill*         0x1000ca4e        0x2 
 .rodata.str1.4
                0x1000ca50       0x3c CMakeFiles/03_adc.dir/C_/Repositories/pico/pico-sdk/src/rp2_common/pico_standard_binary_info/standard_binary_info.c.obj
 .rodata.__bi_26
                0x1000ca8c        0xc CMakeFiles/03_adc.dir/C_/Repositories/pico/pico-sdk/src/rp2_common/pico_standard_binary_info/standard_binary_info.c.obj
 .rodata.__bi_34
                0x1000ca98        0xc CMakeFiles/03_adc.dir/C_/Repositories/pico/pico-sdk/src/rp2_common/pico_standard_binary_info/standard_binary_info.c.obj
 .rodata.__bi_42
                0x1000caa4        0xc CMakeFiles/03_adc.dir/C_/Repositories/pico/pico-sdk/src/rp2_common/pico_standard_binary_info/standard_binary_info.c.obj
 .rodata.__bi_48
                0x1000cab0        0xc CMakeFiles/03_adc.dir/C_/Repositories/pico/pico-sdk/src/rp2_common/pico_standard_binary_info/standard_binary_info.c.obj
 .rodata.__bi_54
                0x1000cabc        0xc CMakeFiles/03_adc.dir/C_/Repositories/pico/pico-sdk/src/rp2_common/pico_standard_binary_info/standard_binary_info.c.obj
 .rodata.__bi_78
                0x1000cac8        0xc CMakeFiles/03_adc.dir/C_/Repositories/pico/pico-sdk/src/rp2_common/pico_standard_binary_info/standard_binary_info.c.obj
 .rodata.__bi_84
                0x1000cad4        0xc CMakeFiles/03_adc.dir/C_/Repositories/pico/pico-sdk/src/rp2_common/pico_standard_binary_info/standard_binary_info.c.obj
 .rodata._ftoa.str1.4
                0x1000cae0       0x15 CMakeFiles/03_adc.dir/C_/Repositories/pico/pico-sdk/src/rp2_common/pico_printf/printf.c.obj
 *fill*         0x1000caf5        0x3 
 .rodata._vsnprintf
                0x1000caf8      0x1e0 CMakeFiles/03_adc.dir/C_/Repositories/pico/pico-sdk/src/rp2_common/pico_printf/printf.c.obj
 .rodata.pow10.0
                0x1000ccd8       0x50 CMakeFiles/03_adc.dir/C_/Repositories/pico/pico-sdk/src/rp2_common/pico_printf/printf.c.obj
 .rodata.__assert_func.str1.4
                0x1000cd28       0x3f CMakeFiles/03_adc.dir/C_/Repositories/pico/pico-sdk/src/rp2_common/pico_clib_interface/newlib_interface.c.obj
                                 0x43 (size before relaxing)
 *fill*         0x1000cd67        0x1 
 .rodata.crlf_str.0
                0x1000cd68        0x2 CMakeFiles/03_adc.dir/C_/Repositories/pico/pico-sdk/src/rp2_common/pico_stdio/stdio.c.obj
 *fill*         0x1000cd6a        0x2 
 .rodata._resetd_driver
                0x1000cd6c       0x20 CMakeFiles/03_adc.dir/C_/Repositories/pico/pico-sdk/src/rp2_common/pico_stdio_usb/reset_interface.c.obj
 .rodata.desc_bos
                0x1000cd8c       0x21 CMakeFiles/03_adc.dir/C_/Repositories/pico/pico-sdk/src/rp2_common/pico_stdio_usb/reset_interface.c.obj
                0x1000cd8c                desc_bos
 *fill*         0x1000cdad        0x3 
 .rodata.desc_ms_os_20
                0x1000cdb0       0xa6 CMakeFiles/03_adc.dir/C_/Repositories/pico/pico-sdk/src/rp2_common/pico_stdio_usb/reset_interface.c.obj
 *fill*         0x1000ce56        0x2 
 .rodata.str1.4
                0x1000ce58       0x13 CMakeFiles/03_adc.dir/C_/Repositories/pico/pico-sdk/src/rp2_common/pico_stdio_usb/stdio_usb.c.obj
 *fill*         0x1000ce6b        0x1 
 .rodata.__bi_202.0
                0x1000ce6c        0xc CMakeFiles/03_adc.dir/C_/Repositories/pico/pico-sdk/src/rp2_common/pico_stdio_usb/stdio_usb.c.obj
 .rodata.str1.4
                0x1000ce78       0x2a CMakeFiles/03_adc.dir/C_/Repositories/pico/pico-sdk/src/rp2_common/pico_stdio_usb/stdio_usb_descriptors.c.obj
 *fill*         0x1000cea2        0x2 
 .rodata.usbd_desc_cfg
                0x1000cea4       0x54 CMakeFiles/03_adc.dir/C_/Repositories/pico/pico-sdk/src/rp2_common/pico_stdio_usb/stdio_usb_descriptors.c.obj
 .rodata.usbd_desc_device
                0x1000cef8       0x12 CMakeFiles/03_adc.dir/C_/Repositories/pico/pico-sdk/src/rp2_common/pico_stdio_usb/stdio_usb_descriptors.c.obj
 *fill*         0x1000cf0a        0x2 
 .rodata.usbd_desc_str
                0x1000cf0c       0x18 CMakeFiles/03_adc.dir/C_/Repositories/pico/pico-sdk/src/rp2_common/pico_stdio_usb/stdio_usb_descriptors.c.obj
 .rodata.str1.4
                0x1000cf24       0x14 CMakeFiles/03_adc.dir/C_/Repositories/pico/pico-sdk/lib/tinyusb/src/portable/raspberrypi/rp2040/dcd_rp2040.c.obj
 .rodata.str1.4
                0x1000cf38       0x48 CMakeFiles/03_adc.dir/C_/Repositories/pico/pico-sdk/lib/tinyusb/src/portable/raspberrypi/rp2040/rp2040_usb.c.obj
 .rodata.tud_task_ext
                0x1000cf80       0x8c CMakeFiles/03_adc.dir/C_/Repositories/pico/pico-sdk/lib/tinyusb/src/device/usbd.c.obj
 .rodata        0x1000d00c       0x1c CMakeFiles/03_adc.dir/C_/Repositories/pico/pico-sdk/lib/tinyusb/src/device/usbd.c.obj
 .rodata._usbd_driver
                0x1000d028       0x40 CMakeFiles/03_adc.dir/C_/Repositories/pico/pico-sdk/lib/tinyusb/src/device/usbd.c.obj
 .rodata.__ssvfscanf_r.str1.4
                0x1000d068        0x5 c:/program files (x86)/gnu arm embedded toolchain/10 2021.10/bin/../lib/gcc/arm-none-eabi/10.3.1/../../../../arm-none-eabi/lib/thumb/v6-m/nofp\libg.a(lib_a-svfscanf.o)
                                  0x9 (size before relaxing)
 *fill*         0x1000d06d        0x3 
 .rodata.__ssvfscanf_r
                0x1000d070      0x3cc c:/program files (x86)/gnu arm embedded toolchain/10 2021.10/bin/../lib/gcc/arm-none-eabi/10.3.1/../../../../arm-none-eabi/lib/thumb/v6-m/nofp\libg.a(lib_a-svfscanf.o)
 .rodata.basefix.0
                0x1000d43c       0x22 c:/program files (x86)/gnu arm embedded toolchain/10 2021.10/bin/../lib/gcc/arm-none-eabi/10.3.1/../../../../arm-none-eabi/lib/thumb/v6-m/nofp\libg.a(lib_a-svfscanf.o)
 *fill*         0x1000d45e        0x2 
 .rodata._ctype_
                0x1000d460      0x101 c:/program files (x86)/gnu arm embedded toolchain/10 2021.10/bin/../lib/gcc/arm-none-eabi/10.3.1/../../../../arm-none-eabi/lib/thumb/v6-m/nofp\libg.a(lib_a-ctype_.o)